<html>
<body>
<pre>
<h1>µVision Build Log</h1>
<h2>Tool Versions:</h2>
IDE-Version: ¦ÌVision V5.27.0.0
Copyright (C) 2018 ARM Ltd and ARM Germany GmbH. All rights reserved.
License Information: chan TimCh, 123, LIC=UJWEV-PVB87-V1IP8-31EC2-7SG4Y-TGYVX
 
Tool Versions:
Toolchain:       MDK-ARM Plus  Version: 5.27.0.0
Toolchain Path:  D:\WorkSoftware\keil\ARM\ARMCC\Bin
C Compiler:      Armcc.exe V5.06 update 6 (build 750)
Assembler:       Armasm.exe V5.06 update 6 (build 750)
Linker/Locator:  ArmLink.exe V5.06 update 6 (build 750)
Library Manager: ArmAr.exe V5.06 update 6 (build 750)
Hex Converter:   FromElf.exe V5.06 update 6 (build 750)
CPU DLL:         SARMCM3.DLL V5.27.0.0
Dialog DLL:      DARMCM1.DLL V1.19.2.0
Target DLL:      STLink\ST-LINKIII-KEIL_SWO.dll V3.0.5.0
Dialog DLL:      TARMCM1.DLL V1.14.1.0
 
<h2>Project:</h2>
C:\Users\TimCh\Desktop\mic_lcd\code\1_GPIO_Toggle_ok\MDK-ARM\HK32F030M_Demo.uvprojx
Project File Date:  11/17/2022

<h2>Output:</h2>
*** Using Compiler 'V5.06 update 6 (build 750)', folder: 'D:\WorkSoftware\keil\ARM\ARMCC\Bin'
Build target 'HK32F030M_Demo'
compiling main.c...
linking...
Program Size: Code=4160 RO-data=264 RW-data=16 ZI-data=512  
FromELF: creating hex file...
".\Objects\HK32F030M_Demo.axf" - 0 Error(s), 0 Warning(s).

<h2>Software Packages used:</h2>

Package Vendor: HKMicroChip
                http://www.hsxp-hk.com/companyfile/2/HKMicroChip.HK32F030Mxx_DFP.1.0.12.pack
                HKMicroChip.HK32F030Mxx_DFP.1.0.12
                HKMicroChip HK32F030M ARM Cortex-M0 Device Family Pack Device Support

<h2>Collection of Component include folders:</h2>
  .\RTE\_HK32F030M_Demo

<h2>Collection of Component Files used:</h2>
Build Time Elapsed:  00:00:00
</pre>
</body>
</html>
