<!doctype html public "-//w3c//dtd html 4.0 transitional//en">
<html><head>
<title>Static Call Graph - [.\Objects\HK32F030M_Demo.axf]</title></head>
<body><HR>
<H1>Static Call Graph for image .\Objects\HK32F030M_Demo.axf</H1><HR>
<BR><P>#&#060CALLGRAPH&#062# ARM Linker, 5060750: Last Updated: Thu Nov 17 23:18:48 2022
<BR><P>
<H3>Maximum Stack Usage =        124 bytes + Unknown(Cycles, Untraceable Function Pointers)</H3><H3>
Call chain for Maximum Stack Depth:</H3>
main &rArr; trace_init &rArr; usart_configure &rArr; USART_Init &rArr; RCC_GetClocksFreq &rArr; __aeabi_uidivmod
<P>
<H3>
Mutually Recursive functions
</H3> <LI><a href="#[11]">ADC1_IRQHandler</a>&nbsp;&nbsp;&nbsp;&rArr;&nbsp;&nbsp;&nbsp;<a href="#[11]">ADC1_IRQHandler</a><BR>
</UL>
<P>
<H3>
Function Pointers
</H3><UL>
 <LI><a href="#[11]">ADC1_IRQHandler</a> from keil_startup_hk32f030m.o(.text) referenced from keil_startup_hk32f030m.o(RESET)
 <LI><a href="#[a]">EXTI0_IRQHandler</a> from keil_startup_hk32f030m.o(.text) referenced from keil_startup_hk32f030m.o(RESET)
 <LI><a href="#[7]">EXTI11_IRQHandler</a> from keil_startup_hk32f030m.o(.text) referenced from keil_startup_hk32f030m.o(RESET)
 <LI><a href="#[b]">EXTI1_IRQHandler</a> from keil_startup_hk32f030m.o(.text) referenced from keil_startup_hk32f030m.o(RESET)
 <LI><a href="#[c]">EXTI2_IRQHandler</a> from keil_startup_hk32f030m.o(.text) referenced from keil_startup_hk32f030m.o(RESET)
 <LI><a href="#[d]">EXTI3_IRQHandler</a> from keil_startup_hk32f030m.o(.text) referenced from keil_startup_hk32f030m.o(RESET)
 <LI><a href="#[e]">EXTI4_IRQHandler</a> from keil_startup_hk32f030m.o(.text) referenced from keil_startup_hk32f030m.o(RESET)
 <LI><a href="#[f]">EXTI5_IRQHandler</a> from keil_startup_hk32f030m.o(.text) referenced from keil_startup_hk32f030m.o(RESET)
 <LI><a href="#[16]">EXTI6_IRQHandler</a> from keil_startup_hk32f030m.o(.text) referenced from keil_startup_hk32f030m.o(RESET)
 <LI><a href="#[17]">EXTI7_IRQHandler</a> from keil_startup_hk32f030m.o(.text) referenced from keil_startup_hk32f030m.o(RESET)
 <LI><a href="#[8]">FLASH_IRQHandler</a> from keil_startup_hk32f030m.o(.text) referenced from keil_startup_hk32f030m.o(RESET)
 <LI><a href="#[2]">HardFault_Handler</a> from hk32f030m_it.o(i.HardFault_Handler) referenced from keil_startup_hk32f030m.o(RESET)
 <LI><a href="#[18]">I2C1_IRQHandler</a> from keil_startup_hk32f030m.o(.text) referenced from keil_startup_hk32f030m.o(RESET)
 <LI><a href="#[1]">NMI_Handler</a> from hk32f030m_it.o(i.NMI_Handler) referenced from keil_startup_hk32f030m.o(RESET)
 <LI><a href="#[4]">PendSV_Handler</a> from hk32f030m_it.o(i.PendSV_Handler) referenced from keil_startup_hk32f030m.o(RESET)
 <LI><a href="#[9]">RCC_IRQHandler</a> from keil_startup_hk32f030m.o(.text) referenced from keil_startup_hk32f030m.o(RESET)
 <LI><a href="#[0]">Reset_Handler</a> from keil_startup_hk32f030m.o(.text) referenced from keil_startup_hk32f030m.o(RESET)
 <LI><a href="#[19]">SPI1_IRQHandler</a> from keil_startup_hk32f030m.o(.text) referenced from keil_startup_hk32f030m.o(RESET)
 <LI><a href="#[3]">SVC_Handler</a> from hk32f030m_it.o(i.SVC_Handler) referenced from keil_startup_hk32f030m.o(RESET)
 <LI><a href="#[5]">SysTick_Handler</a> from hk32f030m_it.o(i.SysTick_Handler) referenced from keil_startup_hk32f030m.o(RESET)
 <LI><a href="#[1c]">SystemInit</a> from system_hk32f030m.o(i.SystemInit) referenced from keil_startup_hk32f030m.o(.text)
 <LI><a href="#[10]">TIM1_BRK_IRQHandler</a> from keil_startup_hk32f030m.o(.text) referenced from keil_startup_hk32f030m.o(RESET)
 <LI><a href="#[13]">TIM1_CC_IRQHandler</a> from keil_startup_hk32f030m.o(.text) referenced from keil_startup_hk32f030m.o(RESET)
 <LI><a href="#[12]">TIM1_UP_TRG_COM_IRQHandler</a> from keil_startup_hk32f030m.o(.text) referenced from keil_startup_hk32f030m.o(RESET)
 <LI><a href="#[14]">TIM2_IRQHandler</a> from tim.o(i.TIM2_IRQHandler) referenced from keil_startup_hk32f030m.o(RESET)
 <LI><a href="#[15]">TIM6_IRQHandler</a> from keil_startup_hk32f030m.o(.text) referenced from keil_startup_hk32f030m.o(RESET)
 <LI><a href="#[1a]">USART1_IRQHandler</a> from keil_startup_hk32f030m.o(.text) referenced from keil_startup_hk32f030m.o(RESET)
 <LI><a href="#[6]">WWDG_IRQHandler</a> from keil_startup_hk32f030m.o(.text) referenced from keil_startup_hk32f030m.o(RESET)
 <LI><a href="#[1d]">__main</a> from entry.o(.ARM.Collect$$$$00000000) referenced from keil_startup_hk32f030m.o(.text)
 <LI><a href="#[1e]">fputc</a> from retarget.o(i.fputc) referenced from printf8.o(i.__0printf$8)
 <LI><a href="#[1b]">main</a> from main.o(i.main) referenced from entry9a.o(.ARM.Collect$$$$0000000B)
</UL>
<P>
<H3>
Global Symbols
</H3>
<P><STRONG><a name="[1d]"></a>__main</STRONG> (Thumb, 0 bytes, Stack size unknown bytes, entry.o(.ARM.Collect$$$$00000000))
<BR>[Address Reference Count : 1]<UL><LI> keil_startup_hk32f030m.o(.text)
</UL>
<P><STRONG><a name="[4e]"></a>_main_stk</STRONG> (Thumb, 0 bytes, Stack size unknown bytes, entry2.o(.ARM.Collect$$$$00000001))

<P><STRONG><a name="[1f]"></a>_main_scatterload</STRONG> (Thumb, 0 bytes, Stack size unknown bytes, entry5.o(.ARM.Collect$$$$00000004))
<BR><BR>[Calls]<UL><LI><a href="#[20]">&gt;&gt;</a>&nbsp;&nbsp;&nbsp;__scatterload
</UL>

<P><STRONG><a name="[24]"></a>__main_after_scatterload</STRONG> (Thumb, 0 bytes, Stack size unknown bytes, entry5.o(.ARM.Collect$$$$00000004))
<BR><BR>[Called By]<UL><LI><a href="#[20]">&gt;&gt;</a>&nbsp;&nbsp;&nbsp;__scatterload
</UL>

<P><STRONG><a name="[4f]"></a>_main_clock</STRONG> (Thumb, 0 bytes, Stack size unknown bytes, entry7b.o(.ARM.Collect$$$$00000008))

<P><STRONG><a name="[50]"></a>_main_cpp_init</STRONG> (Thumb, 0 bytes, Stack size unknown bytes, entry8b.o(.ARM.Collect$$$$0000000A))

<P><STRONG><a name="[51]"></a>_main_init</STRONG> (Thumb, 0 bytes, Stack size unknown bytes, entry9a.o(.ARM.Collect$$$$0000000B))

<P><STRONG><a name="[52]"></a>__rt_final_cpp</STRONG> (Thumb, 0 bytes, Stack size unknown bytes, entry10a.o(.ARM.Collect$$$$0000000D))

<P><STRONG><a name="[53]"></a>__rt_final_exit</STRONG> (Thumb, 0 bytes, Stack size unknown bytes, entry11a.o(.ARM.Collect$$$$0000000F))

<P><STRONG><a name="[0]"></a>Reset_Handler</STRONG> (Thumb, 8 bytes, Stack size 0 bytes, keil_startup_hk32f030m.o(.text))
<BR>[Address Reference Count : 1]<UL><LI> keil_startup_hk32f030m.o(RESET)
</UL>
<P><STRONG><a name="[11]"></a>ADC1_IRQHandler</STRONG> (Thumb, 0 bytes, Stack size 0 bytes, keil_startup_hk32f030m.o(.text))
<BR><BR>[Calls]<UL><LI><a href="#[11]">&gt;&gt;</a>&nbsp;&nbsp;&nbsp;ADC1_IRQHandler
</UL>
<BR>[Called By]<UL><LI><a href="#[11]">&gt;&gt;</a>&nbsp;&nbsp;&nbsp;ADC1_IRQHandler
</UL>
<BR>[Address Reference Count : 1]<UL><LI> keil_startup_hk32f030m.o(RESET)
</UL>
<P><STRONG><a name="[a]"></a>EXTI0_IRQHandler</STRONG> (Thumb, 0 bytes, Stack size 0 bytes, keil_startup_hk32f030m.o(.text))
<BR>[Address Reference Count : 1]<UL><LI> keil_startup_hk32f030m.o(RESET)
</UL>
<P><STRONG><a name="[7]"></a>EXTI11_IRQHandler</STRONG> (Thumb, 0 bytes, Stack size 0 bytes, keil_startup_hk32f030m.o(.text))
<BR>[Address Reference Count : 1]<UL><LI> keil_startup_hk32f030m.o(RESET)
</UL>
<P><STRONG><a name="[b]"></a>EXTI1_IRQHandler</STRONG> (Thumb, 0 bytes, Stack size 0 bytes, keil_startup_hk32f030m.o(.text))
<BR>[Address Reference Count : 1]<UL><LI> keil_startup_hk32f030m.o(RESET)
</UL>
<P><STRONG><a name="[c]"></a>EXTI2_IRQHandler</STRONG> (Thumb, 0 bytes, Stack size 0 bytes, keil_startup_hk32f030m.o(.text))
<BR>[Address Reference Count : 1]<UL><LI> keil_startup_hk32f030m.o(RESET)
</UL>
<P><STRONG><a name="[d]"></a>EXTI3_IRQHandler</STRONG> (Thumb, 0 bytes, Stack size 0 bytes, keil_startup_hk32f030m.o(.text))
<BR>[Address Reference Count : 1]<UL><LI> keil_startup_hk32f030m.o(RESET)
</UL>
<P><STRONG><a name="[e]"></a>EXTI4_IRQHandler</STRONG> (Thumb, 0 bytes, Stack size 0 bytes, keil_startup_hk32f030m.o(.text))
<BR>[Address Reference Count : 1]<UL><LI> keil_startup_hk32f030m.o(RESET)
</UL>
<P><STRONG><a name="[f]"></a>EXTI5_IRQHandler</STRONG> (Thumb, 0 bytes, Stack size 0 bytes, keil_startup_hk32f030m.o(.text))
<BR>[Address Reference Count : 1]<UL><LI> keil_startup_hk32f030m.o(RESET)
</UL>
<P><STRONG><a name="[16]"></a>EXTI6_IRQHandler</STRONG> (Thumb, 0 bytes, Stack size 0 bytes, keil_startup_hk32f030m.o(.text))
<BR>[Address Reference Count : 1]<UL><LI> keil_startup_hk32f030m.o(RESET)
</UL>
<P><STRONG><a name="[17]"></a>EXTI7_IRQHandler</STRONG> (Thumb, 0 bytes, Stack size 0 bytes, keil_startup_hk32f030m.o(.text))
<BR>[Address Reference Count : 1]<UL><LI> keil_startup_hk32f030m.o(RESET)
</UL>
<P><STRONG><a name="[8]"></a>FLASH_IRQHandler</STRONG> (Thumb, 0 bytes, Stack size 0 bytes, keil_startup_hk32f030m.o(.text))
<BR>[Address Reference Count : 1]<UL><LI> keil_startup_hk32f030m.o(RESET)
</UL>
<P><STRONG><a name="[18]"></a>I2C1_IRQHandler</STRONG> (Thumb, 0 bytes, Stack size 0 bytes, keil_startup_hk32f030m.o(.text))
<BR>[Address Reference Count : 1]<UL><LI> keil_startup_hk32f030m.o(RESET)
</UL>
<P><STRONG><a name="[9]"></a>RCC_IRQHandler</STRONG> (Thumb, 0 bytes, Stack size 0 bytes, keil_startup_hk32f030m.o(.text))
<BR>[Address Reference Count : 1]<UL><LI> keil_startup_hk32f030m.o(RESET)
</UL>
<P><STRONG><a name="[19]"></a>SPI1_IRQHandler</STRONG> (Thumb, 0 bytes, Stack size 0 bytes, keil_startup_hk32f030m.o(.text))
<BR>[Address Reference Count : 1]<UL><LI> keil_startup_hk32f030m.o(RESET)
</UL>
<P><STRONG><a name="[10]"></a>TIM1_BRK_IRQHandler</STRONG> (Thumb, 0 bytes, Stack size 0 bytes, keil_startup_hk32f030m.o(.text))
<BR>[Address Reference Count : 1]<UL><LI> keil_startup_hk32f030m.o(RESET)
</UL>
<P><STRONG><a name="[13]"></a>TIM1_CC_IRQHandler</STRONG> (Thumb, 0 bytes, Stack size 0 bytes, keil_startup_hk32f030m.o(.text))
<BR>[Address Reference Count : 1]<UL><LI> keil_startup_hk32f030m.o(RESET)
</UL>
<P><STRONG><a name="[12]"></a>TIM1_UP_TRG_COM_IRQHandler</STRONG> (Thumb, 0 bytes, Stack size 0 bytes, keil_startup_hk32f030m.o(.text))
<BR>[Address Reference Count : 1]<UL><LI> keil_startup_hk32f030m.o(RESET)
</UL>
<P><STRONG><a name="[15]"></a>TIM6_IRQHandler</STRONG> (Thumb, 0 bytes, Stack size 0 bytes, keil_startup_hk32f030m.o(.text))
<BR>[Address Reference Count : 1]<UL><LI> keil_startup_hk32f030m.o(RESET)
</UL>
<P><STRONG><a name="[1a]"></a>USART1_IRQHandler</STRONG> (Thumb, 0 bytes, Stack size 0 bytes, keil_startup_hk32f030m.o(.text))
<BR>[Address Reference Count : 1]<UL><LI> keil_startup_hk32f030m.o(RESET)
</UL>
<P><STRONG><a name="[6]"></a>WWDG_IRQHandler</STRONG> (Thumb, 0 bytes, Stack size 0 bytes, keil_startup_hk32f030m.o(.text))
<BR>[Address Reference Count : 1]<UL><LI> keil_startup_hk32f030m.o(RESET)
</UL>
<P><STRONG><a name="[54]"></a>__aeabi_uidiv</STRONG> (Thumb, 0 bytes, Stack size 12 bytes, uidiv.o(.text), UNUSED)

<P><STRONG><a name="[28]"></a>__aeabi_uidivmod</STRONG> (Thumb, 44 bytes, Stack size 12 bytes, uidiv.o(.text))
<BR><BR>[Stack]<UL><LI>Max Depth = 12<LI>Call Chain = __aeabi_uidivmod
</UL>
<BR>[Called By]<UL><LI><a href="#[2d]">&gt;&gt;</a>&nbsp;&nbsp;&nbsp;TIM_Config
<LI><a href="#[1b]">&gt;&gt;</a>&nbsp;&nbsp;&nbsp;main
<LI><a href="#[27]">&gt;&gt;</a>&nbsp;&nbsp;&nbsp;RCC_GetClocksFreq
<LI><a href="#[33]">&gt;&gt;</a>&nbsp;&nbsp;&nbsp;USART_Init
</UL>

<P><STRONG><a name="[21]"></a>__aeabi_uldivmod</STRONG> (Thumb, 96 bytes, Stack size 48 bytes, uldiv.o(.text), UNUSED)
<BR><BR>[Calls]<UL><LI><a href="#[22]">&gt;&gt;</a>&nbsp;&nbsp;&nbsp;__aeabi_llsr
<LI><a href="#[23]">&gt;&gt;</a>&nbsp;&nbsp;&nbsp;__aeabi_llsl
</UL>
<BR>[Called By]<UL><LI><a href="#[35]">&gt;&gt;</a>&nbsp;&nbsp;&nbsp;_printf_core
</UL>

<P><STRONG><a name="[20]"></a>__scatterload</STRONG> (Thumb, 28 bytes, Stack size 0 bytes, init.o(.text))
<BR><BR>[Calls]<UL><LI><a href="#[24]">&gt;&gt;</a>&nbsp;&nbsp;&nbsp;__main_after_scatterload
</UL>
<BR>[Called By]<UL><LI><a href="#[1f]">&gt;&gt;</a>&nbsp;&nbsp;&nbsp;_main_scatterload
</UL>

<P><STRONG><a name="[55]"></a>__scatterload_rt2</STRONG> (Thumb, 0 bytes, Stack size 0 bytes, init.o(.text), UNUSED)

<P><STRONG><a name="[23]"></a>__aeabi_llsl</STRONG> (Thumb, 32 bytes, Stack size 8 bytes, llshl.o(.text), UNUSED)
<BR><BR>[Called By]<UL><LI><a href="#[21]">&gt;&gt;</a>&nbsp;&nbsp;&nbsp;__aeabi_uldivmod
</UL>

<P><STRONG><a name="[56]"></a>_ll_shift_l</STRONG> (Thumb, 0 bytes, Stack size 8 bytes, llshl.o(.text), UNUSED)

<P><STRONG><a name="[22]"></a>__aeabi_llsr</STRONG> (Thumb, 34 bytes, Stack size 8 bytes, llushr.o(.text), UNUSED)
<BR><BR>[Called By]<UL><LI><a href="#[21]">&gt;&gt;</a>&nbsp;&nbsp;&nbsp;__aeabi_uldivmod
</UL>

<P><STRONG><a name="[57]"></a>_ll_ushift_r</STRONG> (Thumb, 0 bytes, Stack size 8 bytes, llushr.o(.text), UNUSED)

<P><STRONG><a name="[3e]"></a>ADC_ChannelConfig</STRONG> (Thumb, 20 bytes, Stack size 8 bytes, hk32f030m_adc.o(i.ADC_ChannelConfig))
<BR><BR>[Stack]<UL><LI>Max Depth = 8<LI>Call Chain = ADC_ChannelConfig
</UL>
<BR>[Called By]<UL><LI><a href="#[38]">&gt;&gt;</a>&nbsp;&nbsp;&nbsp;adc1_init
</UL>

<P><STRONG><a name="[40]"></a>ADC_Cmd</STRONG> (Thumb, 24 bytes, Stack size 0 bytes, hk32f030m_adc.o(i.ADC_Cmd))
<BR><BR>[Called By]<UL><LI><a href="#[38]">&gt;&gt;</a>&nbsp;&nbsp;&nbsp;adc1_init
</UL>

<P><STRONG><a name="[25]"></a>ADC_DeInit</STRONG> (Thumb, 28 bytes, Stack size 8 bytes, hk32f030m_adc.o(i.ADC_DeInit))
<BR><BR>[Stack]<UL><LI>Max Depth = 8<LI>Call Chain = ADC_DeInit
</UL>
<BR>[Calls]<UL><LI><a href="#[26]">&gt;&gt;</a>&nbsp;&nbsp;&nbsp;RCC_APB2PeriphResetCmd
</UL>
<BR>[Called By]<UL><LI><a href="#[38]">&gt;&gt;</a>&nbsp;&nbsp;&nbsp;adc1_init
</UL>

<P><STRONG><a name="[3f]"></a>ADC_GetCalibrationFactor</STRONG> (Thumb, 60 bytes, Stack size 12 bytes, hk32f030m_adc.o(i.ADC_GetCalibrationFactor))
<BR><BR>[Stack]<UL><LI>Max Depth = 12<LI>Call Chain = ADC_GetCalibrationFactor
</UL>
<BR>[Called By]<UL><LI><a href="#[38]">&gt;&gt;</a>&nbsp;&nbsp;&nbsp;adc1_init
</UL>

<P><STRONG><a name="[4a]"></a>ADC_GetConversionValue</STRONG> (Thumb, 8 bytes, Stack size 0 bytes, hk32f030m_adc.o(i.ADC_GetConversionValue))
<BR><BR>[Called By]<UL><LI><a href="#[1b]">&gt;&gt;</a>&nbsp;&nbsp;&nbsp;main
</UL>

<P><STRONG><a name="[41]"></a>ADC_GetFlagStatus</STRONG> (Thumb, 48 bytes, Stack size 12 bytes, hk32f030m_adc.o(i.ADC_GetFlagStatus))
<BR><BR>[Stack]<UL><LI>Max Depth = 12<LI>Call Chain = ADC_GetFlagStatus
</UL>
<BR>[Called By]<UL><LI><a href="#[38]">&gt;&gt;</a>&nbsp;&nbsp;&nbsp;adc1_init
</UL>

<P><STRONG><a name="[3d]"></a>ADC_Init</STRONG> (Thumb, 36 bytes, Stack size 8 bytes, hk32f030m_adc.o(i.ADC_Init))
<BR><BR>[Stack]<UL><LI>Max Depth = 8<LI>Call Chain = ADC_Init
</UL>
<BR>[Called By]<UL><LI><a href="#[38]">&gt;&gt;</a>&nbsp;&nbsp;&nbsp;adc1_init
</UL>

<P><STRONG><a name="[42]"></a>ADC_StartOfConversion</STRONG> (Thumb, 10 bytes, Stack size 0 bytes, hk32f030m_adc.o(i.ADC_StartOfConversion))
<BR><BR>[Called By]<UL><LI><a href="#[38]">&gt;&gt;</a>&nbsp;&nbsp;&nbsp;adc1_init
</UL>

<P><STRONG><a name="[3c]"></a>ADC_StructInit</STRONG> (Thumb, 14 bytes, Stack size 0 bytes, hk32f030m_adc.o(i.ADC_StructInit))
<BR><BR>[Called By]<UL><LI><a href="#[38]">&gt;&gt;</a>&nbsp;&nbsp;&nbsp;adc1_init
</UL>

<P><STRONG><a name="[39]"></a>GPIO_Init</STRONG> (Thumb, 166 bytes, Stack size 20 bytes, hk32f030m_gpio.o(i.GPIO_Init))
<BR><BR>[Stack]<UL><LI>Max Depth = 20<LI>Call Chain = GPIO_Init
</UL>
<BR>[Called By]<UL><LI><a href="#[45]">&gt;&gt;</a>&nbsp;&nbsp;&nbsp;digital_tube_pin_init
<LI><a href="#[38]">&gt;&gt;</a>&nbsp;&nbsp;&nbsp;adc1_init
<LI><a href="#[4c]">&gt;&gt;</a>&nbsp;&nbsp;&nbsp;usart_configure
</UL>

<P><STRONG><a name="[3a]"></a>GPIO_PinAFConfig</STRONG> (Thumb, 68 bytes, Stack size 20 bytes, hk32f030m_gpio.o(i.GPIO_PinAFConfig))
<BR><BR>[Stack]<UL><LI>Max Depth = 20<LI>Call Chain = GPIO_PinAFConfig
</UL>
<BR>[Called By]<UL><LI><a href="#[38]">&gt;&gt;</a>&nbsp;&nbsp;&nbsp;adc1_init
<LI><a href="#[4c]">&gt;&gt;</a>&nbsp;&nbsp;&nbsp;usart_configure
</UL>

<P><STRONG><a name="[2]"></a>HardFault_Handler</STRONG> (Thumb, 4 bytes, Stack size 0 bytes, hk32f030m_it.o(i.HardFault_Handler))
<BR>[Address Reference Count : 1]<UL><LI> keil_startup_hk32f030m.o(RESET)
</UL>
<P><STRONG><a name="[1]"></a>NMI_Handler</STRONG> (Thumb, 2 bytes, Stack size 0 bytes, hk32f030m_it.o(i.NMI_Handler))
<BR>[Address Reference Count : 1]<UL><LI> keil_startup_hk32f030m.o(RESET)
</UL>
<P><STRONG><a name="[2f]"></a>NVIC_Init</STRONG> (Thumb, 106 bytes, Stack size 0 bytes, hk32f030m_misc.o(i.NVIC_Init))
<BR><BR>[Called By]<UL><LI><a href="#[2d]">&gt;&gt;</a>&nbsp;&nbsp;&nbsp;TIM_Config
</UL>

<P><STRONG><a name="[4]"></a>PendSV_Handler</STRONG> (Thumb, 2 bytes, Stack size 0 bytes, hk32f030m_it.o(i.PendSV_Handler))
<BR>[Address Reference Count : 1]<UL><LI> keil_startup_hk32f030m.o(RESET)
</UL>
<P><STRONG><a name="[46]"></a>RCC_AHBPeriphClockCmd</STRONG> (Thumb, 28 bytes, Stack size 0 bytes, hk32f030m_rcc.o(i.RCC_AHBPeriphClockCmd))
<BR><BR>[Called By]<UL><LI><a href="#[45]">&gt;&gt;</a>&nbsp;&nbsp;&nbsp;digital_tube_pin_init
<LI><a href="#[4c]">&gt;&gt;</a>&nbsp;&nbsp;&nbsp;usart_configure
</UL>

<P><STRONG><a name="[2e]"></a>RCC_APB1PeriphClockCmd</STRONG> (Thumb, 28 bytes, Stack size 0 bytes, hk32f030m_rcc.o(i.RCC_APB1PeriphClockCmd))
<BR><BR>[Called By]<UL><LI><a href="#[2d]">&gt;&gt;</a>&nbsp;&nbsp;&nbsp;TIM_Config
</UL>

<P><STRONG><a name="[3b]"></a>RCC_APB2PeriphClockCmd</STRONG> (Thumb, 28 bytes, Stack size 0 bytes, hk32f030m_rcc.o(i.RCC_APB2PeriphClockCmd))
<BR><BR>[Called By]<UL><LI><a href="#[38]">&gt;&gt;</a>&nbsp;&nbsp;&nbsp;adc1_init
<LI><a href="#[4c]">&gt;&gt;</a>&nbsp;&nbsp;&nbsp;usart_configure
</UL>

<P><STRONG><a name="[26]"></a>RCC_APB2PeriphResetCmd</STRONG> (Thumb, 28 bytes, Stack size 0 bytes, hk32f030m_rcc.o(i.RCC_APB2PeriphResetCmd))
<BR><BR>[Called By]<UL><LI><a href="#[25]">&gt;&gt;</a>&nbsp;&nbsp;&nbsp;ADC_DeInit
</UL>

<P><STRONG><a name="[27]"></a>RCC_GetClocksFreq</STRONG> (Thumb, 274 bytes, Stack size 16 bytes, hk32f030m_rcc.o(i.RCC_GetClocksFreq))
<BR><BR>[Stack]<UL><LI>Max Depth = 28<LI>Call Chain = RCC_GetClocksFreq &rArr; __aeabi_uidivmod
</UL>
<BR>[Calls]<UL><LI><a href="#[28]">&gt;&gt;</a>&nbsp;&nbsp;&nbsp;__aeabi_uidivmod
</UL>
<BR>[Called By]<UL><LI><a href="#[33]">&gt;&gt;</a>&nbsp;&nbsp;&nbsp;USART_Init
</UL>

<P><STRONG><a name="[3]"></a>SVC_Handler</STRONG> (Thumb, 2 bytes, Stack size 0 bytes, hk32f030m_it.o(i.SVC_Handler))
<BR>[Address Reference Count : 1]<UL><LI> keil_startup_hk32f030m.o(RESET)
</UL>
<P><STRONG><a name="[5]"></a>SysTick_Handler</STRONG> (Thumb, 2 bytes, Stack size 0 bytes, hk32f030m_it.o(i.SysTick_Handler))
<BR>[Address Reference Count : 1]<UL><LI> keil_startup_hk32f030m.o(RESET)
</UL>
<P><STRONG><a name="[1c]"></a>SystemInit</STRONG> (Thumb, 54 bytes, Stack size 8 bytes, system_hk32f030m.o(i.SystemInit))
<BR><BR>[Stack]<UL><LI>Max Depth = 36<LI>Call Chain = SystemInit &rArr; SetSysClock &rArr; SetSysClockToHSI_32M
</UL>
<BR>[Calls]<UL><LI><a href="#[29]">&gt;&gt;</a>&nbsp;&nbsp;&nbsp;SetSysClock
</UL>
<BR>[Address Reference Count : 1]<UL><LI> keil_startup_hk32f030m.o(.text)
</UL>
<P><STRONG><a name="[14]"></a>TIM2_IRQHandler</STRONG> (Thumb, 68 bytes, Stack size 8 bytes, tim.o(i.TIM2_IRQHandler))
<BR><BR>[Stack]<UL><LI>Max Depth = 20<LI>Call Chain = TIM2_IRQHandler &rArr; TIM_GetITStatus
</UL>
<BR>[Calls]<UL><LI><a href="#[2b]">&gt;&gt;</a>&nbsp;&nbsp;&nbsp;TIM_GetITStatus
<LI><a href="#[2c]">&gt;&gt;</a>&nbsp;&nbsp;&nbsp;TIM_ClearITPendingBit
</UL>
<BR>[Address Reference Count : 1]<UL><LI> keil_startup_hk32f030m.o(RESET)
</UL>
<P><STRONG><a name="[2c]"></a>TIM_ClearITPendingBit</STRONG> (Thumb, 8 bytes, Stack size 0 bytes, hk32f030m_tim.o(i.TIM_ClearITPendingBit))
<BR><BR>[Called By]<UL><LI><a href="#[14]">&gt;&gt;</a>&nbsp;&nbsp;&nbsp;TIM2_IRQHandler
</UL>

<P><STRONG><a name="[32]"></a>TIM_Cmd</STRONG> (Thumb, 24 bytes, Stack size 0 bytes, hk32f030m_tim.o(i.TIM_Cmd))
<BR><BR>[Called By]<UL><LI><a href="#[2d]">&gt;&gt;</a>&nbsp;&nbsp;&nbsp;TIM_Config
</UL>

<P><STRONG><a name="[2d]"></a>TIM_Config</STRONG> (Thumb, 90 bytes, Stack size 24 bytes, tim.o(i.TIM_Config))
<BR><BR>[Stack]<UL><LI>Max Depth = 36<LI>Call Chain = TIM_Config &rArr; __aeabi_uidivmod
</UL>
<BR>[Calls]<UL><LI><a href="#[2e]">&gt;&gt;</a>&nbsp;&nbsp;&nbsp;RCC_APB1PeriphClockCmd
<LI><a href="#[2f]">&gt;&gt;</a>&nbsp;&nbsp;&nbsp;NVIC_Init
<LI><a href="#[30]">&gt;&gt;</a>&nbsp;&nbsp;&nbsp;TIM_TimeBaseInit
<LI><a href="#[31]">&gt;&gt;</a>&nbsp;&nbsp;&nbsp;TIM_ITConfig
<LI><a href="#[32]">&gt;&gt;</a>&nbsp;&nbsp;&nbsp;TIM_Cmd
<LI><a href="#[28]">&gt;&gt;</a>&nbsp;&nbsp;&nbsp;__aeabi_uidivmod
</UL>
<BR>[Called By]<UL><LI><a href="#[1b]">&gt;&gt;</a>&nbsp;&nbsp;&nbsp;main
</UL>

<P><STRONG><a name="[2b]"></a>TIM_GetITStatus</STRONG> (Thumb, 38 bytes, Stack size 12 bytes, hk32f030m_tim.o(i.TIM_GetITStatus))
<BR><BR>[Stack]<UL><LI>Max Depth = 12<LI>Call Chain = TIM_GetITStatus
</UL>
<BR>[Called By]<UL><LI><a href="#[14]">&gt;&gt;</a>&nbsp;&nbsp;&nbsp;TIM2_IRQHandler
</UL>

<P><STRONG><a name="[31]"></a>TIM_ITConfig</STRONG> (Thumb, 26 bytes, Stack size 8 bytes, hk32f030m_tim.o(i.TIM_ITConfig))
<BR><BR>[Stack]<UL><LI>Max Depth = 8<LI>Call Chain = TIM_ITConfig
</UL>
<BR>[Called By]<UL><LI><a href="#[2d]">&gt;&gt;</a>&nbsp;&nbsp;&nbsp;TIM_Config
</UL>

<P><STRONG><a name="[30]"></a>TIM_TimeBaseInit</STRONG> (Thumb, 68 bytes, Stack size 0 bytes, hk32f030m_tim.o(i.TIM_TimeBaseInit))
<BR><BR>[Called By]<UL><LI><a href="#[2d]">&gt;&gt;</a>&nbsp;&nbsp;&nbsp;TIM_Config
</UL>

<P><STRONG><a name="[4d]"></a>USART_Cmd</STRONG> (Thumb, 24 bytes, Stack size 0 bytes, hk32f030m_usart.o(i.USART_Cmd))
<BR><BR>[Called By]<UL><LI><a href="#[4c]">&gt;&gt;</a>&nbsp;&nbsp;&nbsp;usart_configure
</UL>

<P><STRONG><a name="[33]"></a>USART_Init</STRONG> (Thumb, 204 bytes, Stack size 48 bytes, hk32f030m_usart.o(i.USART_Init))
<BR><BR>[Stack]<UL><LI>Max Depth = 76<LI>Call Chain = USART_Init &rArr; RCC_GetClocksFreq &rArr; __aeabi_uidivmod
</UL>
<BR>[Calls]<UL><LI><a href="#[27]">&gt;&gt;</a>&nbsp;&nbsp;&nbsp;RCC_GetClocksFreq
<LI><a href="#[28]">&gt;&gt;</a>&nbsp;&nbsp;&nbsp;__aeabi_uidivmod
</UL>
<BR>[Called By]<UL><LI><a href="#[4c]">&gt;&gt;</a>&nbsp;&nbsp;&nbsp;usart_configure
</UL>

<P><STRONG><a name="[47]"></a>USART_SendByte</STRONG> (Thumb, 20 bytes, Stack size 0 bytes, usart.o(i.USART_SendByte))
<BR><BR>[Called By]<UL><LI><a href="#[1e]">&gt;&gt;</a>&nbsp;&nbsp;&nbsp;fputc
</UL>

<P><STRONG><a name="[34]"></a>__0printf$8</STRONG> (Thumb, 24 bytes, Stack size 24 bytes, printf8.o(i.__0printf$8), UNUSED)
<BR><BR>[Calls]<UL><LI><a href="#[35]">&gt;&gt;</a>&nbsp;&nbsp;&nbsp;_printf_core
</UL>

<P><STRONG><a name="[58]"></a>__1printf$8</STRONG> (Thumb, 0 bytes, Stack size 24 bytes, printf8.o(i.__0printf$8), UNUSED)

<P><STRONG><a name="[49]"></a>__2printf</STRONG> (Thumb, 0 bytes, Stack size 24 bytes, printf8.o(i.__0printf$8))
<BR><BR>[Stack]<UL><LI>Max Depth = 24<LI>Call Chain = __2printf
</UL>
<BR>[Called By]<UL><LI><a href="#[1b]">&gt;&gt;</a>&nbsp;&nbsp;&nbsp;main
</UL>

<P><STRONG><a name="[59]"></a>__scatterload_copy</STRONG> (Thumb, 14 bytes, Stack size unknown bytes, handlers.o(i.__scatterload_copy), UNUSED)

<P><STRONG><a name="[5a]"></a>__scatterload_null</STRONG> (Thumb, 2 bytes, Stack size unknown bytes, handlers.o(i.__scatterload_null), UNUSED)

<P><STRONG><a name="[5b]"></a>__scatterload_zeroinit</STRONG> (Thumb, 14 bytes, Stack size unknown bytes, handlers.o(i.__scatterload_zeroinit), UNUSED)

<P><STRONG><a name="[38]"></a>adc1_init</STRONG> (Thumb, 126 bytes, Stack size 40 bytes, adc.o(i.adc1_init))
<BR><BR>[Stack]<UL><LI>Max Depth = 60<LI>Call Chain = adc1_init &rArr; GPIO_PinAFConfig
</UL>
<BR>[Calls]<UL><LI><a href="#[3c]">&gt;&gt;</a>&nbsp;&nbsp;&nbsp;ADC_StructInit
<LI><a href="#[42]">&gt;&gt;</a>&nbsp;&nbsp;&nbsp;ADC_StartOfConversion
<LI><a href="#[3d]">&gt;&gt;</a>&nbsp;&nbsp;&nbsp;ADC_Init
<LI><a href="#[41]">&gt;&gt;</a>&nbsp;&nbsp;&nbsp;ADC_GetFlagStatus
<LI><a href="#[3f]">&gt;&gt;</a>&nbsp;&nbsp;&nbsp;ADC_GetCalibrationFactor
<LI><a href="#[25]">&gt;&gt;</a>&nbsp;&nbsp;&nbsp;ADC_DeInit
<LI><a href="#[40]">&gt;&gt;</a>&nbsp;&nbsp;&nbsp;ADC_Cmd
<LI><a href="#[3e]">&gt;&gt;</a>&nbsp;&nbsp;&nbsp;ADC_ChannelConfig
<LI><a href="#[3b]">&gt;&gt;</a>&nbsp;&nbsp;&nbsp;RCC_APB2PeriphClockCmd
<LI><a href="#[3a]">&gt;&gt;</a>&nbsp;&nbsp;&nbsp;GPIO_PinAFConfig
<LI><a href="#[39]">&gt;&gt;</a>&nbsp;&nbsp;&nbsp;GPIO_Init
</UL>
<BR>[Called By]<UL><LI><a href="#[1b]">&gt;&gt;</a>&nbsp;&nbsp;&nbsp;main
</UL>

<P><STRONG><a name="[43]"></a>delayms</STRONG> (Thumb, 18 bytes, Stack size 4 bytes, delay.o(i.delayms))
<BR><BR>[Stack]<UL><LI>Max Depth = 4<LI>Call Chain = delayms
</UL>
<BR>[Calls]<UL><LI><a href="#[44]">&gt;&gt;</a>&nbsp;&nbsp;&nbsp;delayus
</UL>
<BR>[Called By]<UL><LI><a href="#[1b]">&gt;&gt;</a>&nbsp;&nbsp;&nbsp;main
</UL>

<P><STRONG><a name="[44]"></a>delayus</STRONG> (Thumb, 16 bytes, Stack size 0 bytes, delay.o(i.delayus))
<BR><BR>[Called By]<UL><LI><a href="#[43]">&gt;&gt;</a>&nbsp;&nbsp;&nbsp;delayms
</UL>

<P><STRONG><a name="[45]"></a>digital_tube_pin_init</STRONG> (Thumb, 74 bytes, Stack size 16 bytes, digital_tube.o(i.digital_tube_pin_init))
<BR><BR>[Stack]<UL><LI>Max Depth = 36<LI>Call Chain = digital_tube_pin_init &rArr; GPIO_Init
</UL>
<BR>[Calls]<UL><LI><a href="#[46]">&gt;&gt;</a>&nbsp;&nbsp;&nbsp;RCC_AHBPeriphClockCmd
<LI><a href="#[39]">&gt;&gt;</a>&nbsp;&nbsp;&nbsp;GPIO_Init
</UL>
<BR>[Called By]<UL><LI><a href="#[1b]">&gt;&gt;</a>&nbsp;&nbsp;&nbsp;main
</UL>

<P><STRONG><a name="[1e]"></a>fputc</STRONG> (Thumb, 16 bytes, Stack size 16 bytes, retarget.o(i.fputc))
<BR><BR>[Stack]<UL><LI>Max Depth = 16<LI>Call Chain = fputc
</UL>
<BR>[Calls]<UL><LI><a href="#[47]">&gt;&gt;</a>&nbsp;&nbsp;&nbsp;USART_SendByte
</UL>
<BR>[Address Reference Count : 1]<UL><LI> printf8.o(i.__0printf$8)
</UL>
<P><STRONG><a name="[1b]"></a>main</STRONG> (Thumb, 140 bytes, Stack size 0 bytes, main.o(i.main))
<BR><BR>[Stack]<UL><LI>Max Depth = 124<LI>Call Chain = main &rArr; trace_init &rArr; usart_configure &rArr; USART_Init &rArr; RCC_GetClocksFreq &rArr; __aeabi_uidivmod
</UL>
<BR>[Calls]<UL><LI><a href="#[48]">&gt;&gt;</a>&nbsp;&nbsp;&nbsp;trace_init
<LI><a href="#[4b]">&gt;&gt;</a>&nbsp;&nbsp;&nbsp;softWareDelay
<LI><a href="#[45]">&gt;&gt;</a>&nbsp;&nbsp;&nbsp;digital_tube_pin_init
<LI><a href="#[43]">&gt;&gt;</a>&nbsp;&nbsp;&nbsp;delayms
<LI><a href="#[38]">&gt;&gt;</a>&nbsp;&nbsp;&nbsp;adc1_init
<LI><a href="#[2d]">&gt;&gt;</a>&nbsp;&nbsp;&nbsp;TIM_Config
<LI><a href="#[4a]">&gt;&gt;</a>&nbsp;&nbsp;&nbsp;ADC_GetConversionValue
<LI><a href="#[49]">&gt;&gt;</a>&nbsp;&nbsp;&nbsp;__2printf
<LI><a href="#[28]">&gt;&gt;</a>&nbsp;&nbsp;&nbsp;__aeabi_uidivmod
</UL>
<BR>[Address Reference Count : 1]<UL><LI> entry9a.o(.ARM.Collect$$$$0000000B)
</UL>
<P><STRONG><a name="[4b]"></a>softWareDelay</STRONG> (Thumb, 36 bytes, Stack size 0 bytes, delay.o(i.softWareDelay))
<BR><BR>[Called By]<UL><LI><a href="#[1b]">&gt;&gt;</a>&nbsp;&nbsp;&nbsp;main
</UL>

<P><STRONG><a name="[48]"></a>trace_init</STRONG> (Thumb, 8 bytes, Stack size 8 bytes, trace.o(i.trace_init))
<BR><BR>[Stack]<UL><LI>Max Depth = 124<LI>Call Chain = trace_init &rArr; usart_configure &rArr; USART_Init &rArr; RCC_GetClocksFreq &rArr; __aeabi_uidivmod
</UL>
<BR>[Calls]<UL><LI><a href="#[4c]">&gt;&gt;</a>&nbsp;&nbsp;&nbsp;usart_configure
</UL>
<BR>[Called By]<UL><LI><a href="#[1b]">&gt;&gt;</a>&nbsp;&nbsp;&nbsp;main
</UL>

<P><STRONG><a name="[4c]"></a>usart_configure</STRONG> (Thumb, 124 bytes, Stack size 40 bytes, usart.o(i.usart_configure))
<BR><BR>[Stack]<UL><LI>Max Depth = 116<LI>Call Chain = usart_configure &rArr; USART_Init &rArr; RCC_GetClocksFreq &rArr; __aeabi_uidivmod
</UL>
<BR>[Calls]<UL><LI><a href="#[3b]">&gt;&gt;</a>&nbsp;&nbsp;&nbsp;RCC_APB2PeriphClockCmd
<LI><a href="#[46]">&gt;&gt;</a>&nbsp;&nbsp;&nbsp;RCC_AHBPeriphClockCmd
<LI><a href="#[3a]">&gt;&gt;</a>&nbsp;&nbsp;&nbsp;GPIO_PinAFConfig
<LI><a href="#[39]">&gt;&gt;</a>&nbsp;&nbsp;&nbsp;GPIO_Init
<LI><a href="#[33]">&gt;&gt;</a>&nbsp;&nbsp;&nbsp;USART_Init
<LI><a href="#[4d]">&gt;&gt;</a>&nbsp;&nbsp;&nbsp;USART_Cmd
</UL>
<BR>[Called By]<UL><LI><a href="#[48]">&gt;&gt;</a>&nbsp;&nbsp;&nbsp;trace_init
</UL>
<P>
<H3>
Local Symbols
</H3>
<P><STRONG><a name="[29]"></a>SetSysClock</STRONG> (Thumb, 8 bytes, Stack size 8 bytes, system_hk32f030m.o(i.SetSysClock))
<BR><BR>[Stack]<UL><LI>Max Depth = 28<LI>Call Chain = SetSysClock &rArr; SetSysClockToHSI_32M
</UL>
<BR>[Calls]<UL><LI><a href="#[2a]">&gt;&gt;</a>&nbsp;&nbsp;&nbsp;SetSysClockToHSI_32M
</UL>
<BR>[Called By]<UL><LI><a href="#[1c]">&gt;&gt;</a>&nbsp;&nbsp;&nbsp;SystemInit
</UL>

<P><STRONG><a name="[2a]"></a>SetSysClockToHSI_32M</STRONG> (Thumb, 220 bytes, Stack size 20 bytes, system_hk32f030m.o(i.SetSysClockToHSI_32M))
<BR><BR>[Stack]<UL><LI>Max Depth = 20<LI>Call Chain = SetSysClockToHSI_32M
</UL>
<BR>[Called By]<UL><LI><a href="#[29]">&gt;&gt;</a>&nbsp;&nbsp;&nbsp;SetSysClock
</UL>

<P><STRONG><a name="[35]"></a>_printf_core</STRONG> (Thumb, 1020 bytes, Stack size 104 bytes, printf8.o(i._printf_core), UNUSED)
<BR><BR>[Calls]<UL><LI><a href="#[36]">&gt;&gt;</a>&nbsp;&nbsp;&nbsp;_printf_pre_padding
<LI><a href="#[37]">&gt;&gt;</a>&nbsp;&nbsp;&nbsp;_printf_post_padding
<LI><a href="#[21]">&gt;&gt;</a>&nbsp;&nbsp;&nbsp;__aeabi_uldivmod
</UL>
<BR>[Called By]<UL><LI><a href="#[34]">&gt;&gt;</a>&nbsp;&nbsp;&nbsp;__0printf$8
</UL>

<P><STRONG><a name="[37]"></a>_printf_post_padding</STRONG> (Thumb, 32 bytes, Stack size 24 bytes, printf8.o(i._printf_post_padding), UNUSED)
<BR><BR>[Called By]<UL><LI><a href="#[35]">&gt;&gt;</a>&nbsp;&nbsp;&nbsp;_printf_core
</UL>

<P><STRONG><a name="[36]"></a>_printf_pre_padding</STRONG> (Thumb, 44 bytes, Stack size 40 bytes, printf8.o(i._printf_pre_padding), UNUSED)
<BR><BR>[Called By]<UL><LI><a href="#[35]">&gt;&gt;</a>&nbsp;&nbsp;&nbsp;_printf_core
</UL>
<P>
<H3>
Undefined Global Symbols
</H3><HR></body></html>
