Component: ARM Compiler 5.06 update 6 (build 750) Tool: armlink [4d35ed]

==============================================================================

Section Cross References

    keil_startup_hk32f030m.o(RESET) refers to keil_startup_hk32f030m.o(STACK) for __initial_sp
    keil_startup_hk32f030m.o(RESET) refers to keil_startup_hk32f030m.o(.text) for Reset_Handler
    keil_startup_hk32f030m.o(RESET) refers to hk32f030m_it.o(i.NMI_Handler) for NMI_Handler
    keil_startup_hk32f030m.o(RESET) refers to hk32f030m_it.o(i.HardFault_Handler) for HardFault_Handler
    keil_startup_hk32f030m.o(RESET) refers to hk32f030m_it.o(i.SVC_Handler) for SVC_Handler
    keil_startup_hk32f030m.o(RESET) refers to hk32f030m_it.o(i.PendSV_Handler) for PendSV_Handler
    keil_startup_hk32f030m.o(RESET) refers to hk32f030m_it.o(i.SysTick_Handler) for SysTick_Handler
    keil_startup_hk32f030m.o(RESET) refers to tim.o(i.TIM2_IRQHandler) for TIM2_IRQHandler
    keil_startup_hk32f030m.o(.text) refers to system_hk32f030m.o(i.SystemInit) for SystemInit
    keil_startup_hk32f030m.o(.text) refers to entry.o(.ARM.Collect$$$$00000000) for __main
    main.o(i.main) refers to digital_tube.o(i.digital_tube_pin_init) for digital_tube_pin_init
    main.o(i.main) refers to tim.o(i.TIM_Config) for TIM_Config
    main.o(i.main) refers to trace.o(i.trace_init) for trace_init
    main.o(i.main) refers to adc.o(i.adc1_init) for adc1_init
    main.o(i.main) refers to printf8.o(i.__0printf$8) for __2printf
    main.o(i.main) refers to hk32f030m_adc.o(i.ADC_GetConversionValue) for ADC_GetConversionValue
    main.o(i.main) refers to uidiv.o(.text) for __aeabi_uidivmod
    main.o(i.main) refers to delay.o(i.delayms) for delayms
    main.o(i.main) refers to delay.o(i.softWareDelay) for softWareDelay
    system_hk32f030m.o(i.SetSysClock) refers to system_hk32f030m.o(i.SetSysClockToHSI_32M) for SetSysClockToHSI_32M
    system_hk32f030m.o(i.SystemCoreClockUpdate) refers to uidiv.o(.text) for __aeabi_uidivmod
    system_hk32f030m.o(i.SystemCoreClockUpdate) refers to system_hk32f030m.o(.data) for SystemCoreClock
    system_hk32f030m.o(i.SystemCoreClockUpdate) refers to hk32f030m_rcc.o(.constdata) for AHBPrescTable
    system_hk32f030m.o(i.SystemInit) refers to system_hk32f030m.o(i.SetSysClock) for SetSysClock
    hk32f030m_adc.o(i.ADC_DeInit) refers to hk32f030m_rcc.o(i.RCC_APB2PeriphResetCmd) for RCC_APB2PeriphResetCmd
    hk32f030m_flash.o(i.EEPROM_EraseByte) refers to hk32f030m_flash.o(i.FLASH_WaitForLastOperation) for FLASH_WaitForLastOperation
    hk32f030m_flash.o(i.EEPROM_ProgramByte) refers to hk32f030m_flash.o(i.FLASH_WaitForLastOperation) for FLASH_WaitForLastOperation
    hk32f030m_flash.o(i.FLASH_EraseAllPages) refers to hk32f030m_flash.o(i.FLASH_WaitForLastOperation) for FLASH_WaitForLastOperation
    hk32f030m_flash.o(i.FLASH_ErasePage) refers to hk32f030m_flash.o(i.FLASH_WaitForLastOperation) for FLASH_WaitForLastOperation
    hk32f030m_flash.o(i.FLASH_OB_DBGCLKConfig) refers to hk32f030m_flash.o(i.FLASH_WaitForLastOperation) for FLASH_WaitForLastOperation
    hk32f030m_flash.o(i.FLASH_OB_EraseByte) refers to hk32f030m_flash.o(i.FLASH_WaitForLastOperation) for FLASH_WaitForLastOperation
    hk32f030m_flash.o(i.FLASH_OB_IWDG_RLRConfig) refers to hk32f030m_flash.o(i.FLASH_WaitForLastOperation) for FLASH_WaitForLastOperation
    hk32f030m_flash.o(i.FLASH_OB_LSILPConfig) refers to hk32f030m_flash.o(i.FLASH_WaitForLastOperation) for FLASH_WaitForLastOperation
    hk32f030m_flash.o(i.FLASH_OB_ProgramData) refers to hk32f030m_flash.o(i.FLASH_WaitForLastOperation) for FLASH_WaitForLastOperation
    hk32f030m_flash.o(i.FLASH_OB_RDPConfig) refers to hk32f030m_flash.o(i.FLASH_WaitForLastOperation) for FLASH_WaitForLastOperation
    hk32f030m_flash.o(i.FLASH_OB_UserConfig) refers to hk32f030m_flash.o(i.FLASH_WaitForLastOperation) for FLASH_WaitForLastOperation
    hk32f030m_flash.o(i.FLASH_OB_WRPConfig) refers to hk32f030m_flash.o(i.FLASH_WaitForLastOperation) for FLASH_WaitForLastOperation
    hk32f030m_flash.o(i.FLASH_OB_WriteUser) refers to hk32f030m_flash.o(i.FLASH_WaitForLastOperation) for FLASH_WaitForLastOperation
    hk32f030m_flash.o(i.FLASH_ProgramByte) refers to hk32f030m_flash.o(i.FLASH_WaitForLastOperation) for FLASH_WaitForLastOperation
    hk32f030m_flash.o(i.FLASH_ProgramHalfWord) refers to hk32f030m_flash.o(i.FLASH_WaitForLastOperation) for FLASH_WaitForLastOperation
    hk32f030m_flash.o(i.FLASH_WaitForLastOperation) refers to hk32f030m_flash.o(i.FLASH_GetStatus) for FLASH_GetStatus
    hk32f030m_gpio.o(i.GPIO_DeInit) refers to hk32f030m_rcc.o(i.RCC_AHBPeriphResetCmd) for RCC_AHBPeriphResetCmd
    hk32f030m_gpio.o(i.GPIO_IOMUX_ChangePin) refers to hk32f030m_gpio.o(i.__ARM_common_switch8) for __ARM_common_switch8
    hk32f030m_i2c.o(i.I2C_DeInit) refers to hk32f030m_rcc.o(i.RCC_APB1PeriphResetCmd) for RCC_APB1PeriphResetCmd
[...]
    adc.o(i.adc1_init) refers to hk32f030m_rcc.o(i.RCC_APB2PeriphClockCmd) for RCC_APB2PeriphClockCmd
    adc.o(i.adc1_init) refers to hk32f030m_adc.o(i.ADC_DeInit) for ADC_DeInit
    adc.o(i.adc1_init) refers to hk32f030m_adc.o(i.ADC_StructInit) for ADC_StructInit
    adc.o(i.adc1_init) refers to hk32f030m_adc.o(i.ADC_Init) for ADC_Init
    adc.o(i.adc1_init) refers to hk32f030m_adc.o(i.ADC_ChannelConfig) for ADC_ChannelConfig
    adc.o(i.adc1_init) refers to hk32f030m_adc.o(i.ADC_GetCalibrationFactor) for ADC_GetCalibrationFactor
    adc.o(i.adc1_init) refers to hk32f030m_adc.o(i.ADC_Cmd) for ADC_Cmd
    adc.o(i.adc1_init) refers to hk32f030m_adc.o(i.ADC_GetFlagStatus) for ADC_GetFlagStatus
    adc.o(i.adc1_init) refers to hk32f030m_adc.o(i.ADC_StartOfConversion) for ADC_StartOfConversion
    trace.o(i.trace_dump) refers to printf8.o(i.__0printf$8) for __2printf
    trace.o(i.trace_init) refers to usart.o(i.usart_configure) for usart_configure
    retarget.o(i.fputc) refers to usart.o(i.USART_SendByte) for USART_SendByte
    entry.o(.ARM.Collect$$$$00000000) refers (Special) to entry10a.o(.ARM.Collect$$$$0000000D) for __rt_final_cpp
    entry.o(.ARM.Collect$$$$00000000) refers (Special) to entry11a.o(.ARM.Collect$$$$0000000F) for __rt_final_exit
    entry.o(.ARM.Collect$$$$00000000) refers (Special) to entry7b.o(.ARM.Collect$$$$00000008) for _main_clock
    entry.o(.ARM.Collect$$$$00000000) refers (Special) to entry8b.o(.ARM.Collect$$$$0000000A) for _main_cpp_init
    entry.o(.ARM.Collect$$$$00000000) refers (Special) to entry9a.o(.ARM.Collect$$$$0000000B) for _main_init
    entry.o(.ARM.Collect$$$$00000000) refers (Special) to entry5.o(.ARM.Collect$$$$00000004) for _main_scatterload
    entry.o(.ARM.Collect$$$$00000000) refers (Special) to entry2.o(.ARM.Collect$$$$00000001) for _main_stk
    printfb.o(i.__0fprintf$bare) refers to printfb.o(i._printf_core) for _printf_core
    printfb.o(i.__0fprintf$bare) refers to retarget.o(i.fputc) for fputc
    printfb.o(i.__0printf$bare) refers to printfb.o(i._printf_core) for _printf_core
    printfb.o(i.__0printf$bare) refers to retarget.o(i.fputc) for fputc
    printfb.o(i.__0printf$bare) refers to retarget.o(.data) for __stdout
    printfb.o(i.__0snprintf$bare) refers to printfb.o(i._printf_core) for _printf_core
    printfb.o(i.__0snprintf$bare) refers to printfb.o(i._snputc) for _snputc
    printfb.o(i.__0sprintf$bare) refers to printfb.o(i._printf_core) for _printf_core
    printfb.o(i.__0sprintf$bare) refers to printfb.o(i._sputc) for _sputc
    printfb.o(i.__0vfprintf$bare) refers to printfb.o(i._printf_core) for _printf_core
    printfb.o(i.__0vfprintf$bare) refers to retarget.o(i.fputc) for fputc
    printfb.o(i.__0vprintf$bare) refers to printfb.o(i._printf_core) for _printf_core
    printfb.o(i.__0vprintf$bare) refers to retarget.o(i.fputc) for fputc
    printfb.o(i.__0vprintf$bare) refers to retarget.o(.data) for __stdout
    printfb.o(i.__0vsnprintf$bare) refers to printfb.o(i._printf_core) for _printf_core
    printfb.o(i.__0vsnprintf$bare) refers to printfb.o(i._snputc) for _snputc
    printfb.o(i.__0vsprintf$bare) refers to printfb.o(i._printf_core) for _printf_core
    printfb.o(i.__0vsprintf$bare) refers to printfb.o(i._sputc) for _sputc
    printf0.o(i.__0fprintf$0) refers to printf0.o(i._printf_core) for _printf_core
    printf0.o(i.__0fprintf$0) refers to retarget.o(i.fputc) for fputc
    printf0.o(i.__0printf$0) refers to printf0.o(i._printf_core) for _printf_core
    printf0.o(i.__0printf$0) refers to retarget.o(i.fputc) for fputc
    printf0.o(i.__0printf$0) refers to retarget.o(.data) for __stdout
    printf0.o(i.__0snprintf$0) refers to printf0.o(i._printf_core) for _printf_core
    printf0.o(i.__0snprintf$0) refers to printf0.o(i._snputc) for _snputc
    printf0.o(i.__0sprintf$0) refers to printf0.o(i._printf_core) for _printf_core
    printf0.o(i.__0sprintf$0) refers to printf0.o(i._sputc) for _sputc
    printf0.o(i.__0vfprintf$0) refers to printf0.o(i._printf_core) for _printf_core
    printf0.o(i.__0vfprintf$0) refers to retarget.o(i.fputc) for fputc
    printf0.o(i.__0vprintf$0) refers to printf0.o(i._printf_core) for _printf_core
    printf0.o(i.__0vprintf$0) refers to retarget.o(i.fputc) for fputc
    printf0.o(i.__0vprintf$0) refers to retarget.o(.data) for __stdout
    printf0.o(i.__0vsnprintf$0) refers to printf0.o(i._printf_core) for _printf_core
    printf0.o(i.__0vsnprintf$0) refers to printf0.o(i._snputc) for _snputc
    printf0.o(i.__0vsprintf$0) refers to printf0.o(i._printf_core) for _printf_core
    printf0.o(i.__0vsprintf$0) refers to printf0.o(i._sputc) for _sputc
    printf1.o(i.__0fprintf$1) refers to printf1.o(i._printf_core) for _printf_core
    printf1.o(i.__0fprintf$1) refers to retarget.o(i.fputc) for fputc
    printf1.o(i.__0printf$1) refers to printf1.o(i._printf_core) for _printf_core
    printf1.o(i.__0printf$1) refers to retarget.o(i.fputc) for fputc
    printf1.o(i.__0printf$1) refers to retarget.o(.data) for __stdout
    printf1.o(i.__0snprintf$1) refers to printf1.o(i._printf_core) for _printf_core
    printf1.o(i.__0snprintf$1) refers to printf1.o(i._snputc) for _snputc
    printf1.o(i.__0sprintf$1) refers to printf1.o(i._printf_core) for _printf_core
    printf1.o(i.__0sprintf$1) refers to printf1.o(i._sputc) for _sputc
    printf1.o(i.__0vfprintf$1) refers to printf1.o(i._printf_core) for _printf_core
    printf1.o(i.__0vfprintf$1) refers to retarget.o(i.fputc) for fputc
    printf1.o(i.__0vprintf$1) refers to printf1.o(i._printf_core) for _printf_core
    printf1.o(i.__0vprintf$1) refers to retarget.o(i.fputc) for fputc
    printf1.o(i.__0vprintf$1) refers to retarget.o(.data) for __stdout
    printf1.o(i.__0vsnprintf$1) refers to printf1.o(i._printf_core) for _printf_core
    printf1.o(i.__0vsnprintf$1) refers to printf1.o(i._snputc) for _snputc
    printf1.o(i.__0vsprintf$1) refers to printf1.o(i._printf_core) for _printf_core
    printf1.o(i.__0vsprintf$1) refers to printf1.o(i._sputc) for _sputc
    printf1.o(i._printf_core) refers to uidiv.o(.text) for __aeabi_uidivmod
    printf2.o(i.__0fprintf$2) refers to printf2.o(i._printf_core) for _printf_core
    printf2.o(i.__0fprintf$2) refers to retarget.o(i.fputc) for fputc
    printf2.o(i.__0printf$2) refers to printf2.o(i._printf_core) for _printf_core
    printf2.o(i.__0printf$2) refers to retarget.o(i.fputc) for fputc
    printf2.o(i.__0printf$2) refers to retarget.o(.data) for __stdout
    printf2.o(i.__0snprintf$2) refers to printf2.o(i._printf_core) for _printf_core
    printf2.o(i.__0snprintf$2) refers to printf2.o(i._snputc) for _snputc
    printf2.o(i.__0sprintf$2) refers to printf2.o(i._printf_core) for _printf_core
    printf2.o(i.__0sprintf$2) refers to printf2.o(i._sputc) for _sputc
    printf2.o(i.__0vfprintf$2) refers to printf2.o(i._printf_core) for _printf_core
    printf2.o(i.__0vfprintf$2) refers to retarget.o(i.fputc) for fputc
    printf2.o(i.__0vprintf$2) refers to printf2.o(i._printf_core) for _printf_core
    printf2.o(i.__0vprintf$2) refers to retarget.o(i.fputc) for fputc
    printf2.o(i.__0vprintf$2) refers to retarget.o(.data) for __stdout
    printf2.o(i.__0vsnprintf$2) refers to printf2.o(i._printf_core) for _printf_core
    printf2.o(i.__0vsnprintf$2) refers to printf2.o(i._snputc) for _snputc
    printf2.o(i.__0vsprintf$2) refers to printf2.o(i._printf_core) for _printf_core
    printf2.o(i.__0vsprintf$2) refers to printf2.o(i._sputc) for _sputc
    printf3.o(i.__0fprintf$3) refers to printf3.o(i._printf_core) for _printf_core
    printf3.o(i.__0fprintf$3) refers to retarget.o(i.fputc) for fputc
    printf3.o(i.__0printf$3) refers to printf3.o(i._printf_core) for _printf_core
    printf3.o(i.__0printf$3) refers to retarget.o(i.fputc) for fputc
    printf3.o(i.__0printf$3) refers to retarget.o(.data) for __stdout
    printf3.o(i.__0snprintf$3) refers to printf3.o(i._printf_core) for _printf_core
    printf3.o(i.__0snprintf$3) refers to printf3.o(i._snputc) for _snputc
    printf3.o(i.__0sprintf$3) refers to printf3.o(i._printf_core) for _printf_core
    printf3.o(i.__0sprintf$3) refers to printf3.o(i._sputc) for _sputc
    printf3.o(i.__0vfprintf$3) refers to printf3.o(i._printf_core) for _printf_core
    printf3.o(i.__0vfprintf$3) refers to retarget.o(i.fputc) for fputc
    printf3.o(i.__0vprintf$3) refers to printf3.o(i._printf_core) for _printf_core
    printf3.o(i.__0vprintf$3) refers to retarget.o(i.fputc) for fputc
    printf3.o(i.__0vprintf$3) refers to retarget.o(.data) for __stdout
    printf3.o(i.__0vsnprintf$3) refers to printf3.o(i._printf_core) for _printf_core
    printf3.o(i.__0vsnprintf$3) refers to printf3.o(i._snputc) for _snputc
    printf3.o(i.__0vsprintf$3) refers to printf3.o(i._printf_core) for _printf_core
    printf3.o(i.__0vsprintf$3) refers to printf3.o(i._sputc) for _sputc
    printf3.o(i._printf_core) refers to uidiv.o(.text) for __aeabi_uidivmod
    printf4.o(i.__0fprintf$4) refers to printf4.o(i._printf_core) for _printf_core
    printf4.o(i.__0fprintf$4) refers to retarget.o(i.fputc) for fputc
    printf4.o(i.__0printf$4) refers to printf4.o(i._printf_core) for _printf_core
    printf4.o(i.__0printf$4) refers to retarget.o(i.fputc) for fputc
    printf4.o(i.__0printf$4) refers to retarget.o(.data) for __stdout
    printf4.o(i.__0snprintf$4) refers to printf4.o(i._printf_core) for _printf_core
    printf4.o(i.__0snprintf$4) refers to printf4.o(i._snputc) for _snputc
    printf4.o(i.__0sprintf$4) refers to printf4.o(i._printf_core) for _printf_core
    printf4.o(i.__0sprintf$4) refers to printf4.o(i._sputc) for _sputc
    printf4.o(i.__0vfprintf$4) refers to printf4.o(i._printf_core) for _printf_core
    printf4.o(i.__0vfprintf$4) refers to retarget.o(i.fputc) for fputc
    printf4.o(i.__0vprintf$4) refers to printf4.o(i._printf_core) for _printf_core
    printf4.o(i.__0vprintf$4) refers to retarget.o(i.fputc) for fputc
    printf4.o(i.__0vprintf$4) refers to retarget.o(.data) for __stdout
    printf4.o(i.__0vsnprintf$4) refers to printf4.o(i._printf_core) for _printf_core
    printf4.o(i.__0vsnprintf$4) refers to printf4.o(i._snputc) for _snputc
    printf4.o(i.__0vsprintf$4) refers to printf4.o(i._printf_core) for _printf_core
    printf4.o(i.__0vsprintf$4) refers to printf4.o(i._sputc) for _sputc
    printf4.o(i._printf_core) refers to uldiv.o(.text) for __aeabi_uldivmod
    printf5.o(i.__0fprintf$5) refers to printf5.o(i._printf_core) for _printf_core
    printf5.o(i.__0fprintf$5) refers to retarget.o(i.fputc) for fputc
    printf5.o(i.__0printf$5) refers to printf5.o(i._printf_core) for _printf_core
    printf5.o(i.__0printf$5) refers to retarget.o(i.fputc) for fputc
    printf5.o(i.__0printf$5) refers to retarget.o(.data) for __stdout
    printf5.o(i.__0snprintf$5) refers to printf5.o(i._printf_core) for _printf_core
    printf5.o(i.__0snprintf$5) refers to printf5.o(i._snputc) for _snputc
    printf5.o(i.__0sprintf$5) refers to printf5.o(i._printf_core) for _printf_core
    printf5.o(i.__0sprintf$5) refers to printf5.o(i._sputc) for _sputc
    printf5.o(i.__0vfprintf$5) refers to printf5.o(i._printf_core) for _printf_core
    printf5.o(i.__0vfprintf$5) refers to retarget.o(i.fputc) for fputc
    printf5.o(i.__0vprintf$5) refers to printf5.o(i._printf_core) for _printf_core
    printf5.o(i.__0vprintf$5) refers to retarget.o(i.fputc) for fputc
    printf5.o(i.__0vprintf$5) refers to retarget.o(.data) for __stdout
    printf5.o(i.__0vsnprintf$5) refers to printf5.o(i._printf_core) for _printf_core
    printf5.o(i.__0vsnprintf$5) refers to printf5.o(i._snputc) for _snputc
    printf5.o(i.__0vsprintf$5) refers to printf5.o(i._printf_core) for _printf_core
    printf5.o(i.__0vsprintf$5) refers to printf5.o(i._sputc) for _sputc
    printf5.o(i._printf_core) refers to uldiv.o(.text) for __aeabi_uldivmod
    printf6.o(i.__0fprintf$6) refers to printf6.o(i._printf_core) for _printf_core
    printf6.o(i.__0fprintf$6) refers to retarget.o(i.fputc) for fputc
    printf6.o(i.__0printf$6) refers to printf6.o(i._printf_core) for _printf_core
    printf6.o(i.__0printf$6) refers to retarget.o(i.fputc) for fputc
    printf6.o(i.__0printf$6) refers to retarget.o(.data) for __stdout
    printf6.o(i.__0snprintf$6) refers to printf6.o(i._printf_core) for _printf_core
    printf6.o(i.__0snprintf$6) refers to printf6.o(i._snputc) for _snputc
    printf6.o(i.__0sprintf$6) refers to printf6.o(i._printf_core) for _printf_core
    printf6.o(i.__0sprintf$6) refers to printf6.o(i._sputc) for _sputc
    printf6.o(i.__0vfprintf$6) refers to printf6.o(i._printf_core) for _printf_core
    printf6.o(i.__0vfprintf$6) refers to retarget.o(i.fputc) for fputc
    printf6.o(i.__0vprintf$6) refers to printf6.o(i._printf_core) for _printf_core
    printf6.o(i.__0vprintf$6) refers to retarget.o(i.fputc) for fputc
    printf6.o(i.__0vprintf$6) refers to retarget.o(.data) for __stdout
    printf6.o(i.__0vsnprintf$6) refers to printf6.o(i._printf_core) for _printf_core
    printf6.o(i.__0vsnprintf$6) refers to printf6.o(i._snputc) for _snputc
    printf6.o(i.__0vsprintf$6) refers to printf6.o(i._printf_core) for _printf_core
    printf6.o(i.__0vsprintf$6) refers to printf6.o(i._sputc) for _sputc
    printf6.o(i._printf_core) refers to printf6.o(i._printf_pre_padding) for _printf_pre_padding
    printf6.o(i._printf_core) refers to printf6.o(i._printf_post_padding) for _printf_post_padding
    printf6.o(i._printf_core) refers to uidiv.o(.text) for __aeabi_uidivmod
    printf7.o(i.__0fprintf$7) refers to printf7.o(i._printf_core) for _printf_core
    printf7.o(i.__0fprintf$7) refers to retarget.o(i.fputc) for fputc
    printf7.o(i.__0printf$7) refers to printf7.o(i._printf_core) for _printf_core
    printf7.o(i.__0printf$7) refers to retarget.o(i.fputc) for fputc
    printf7.o(i.__0printf$7) refers to retarget.o(.data) for __stdout
    printf7.o(i.__0snprintf$7) refers to printf7.o(i._printf_core) for _printf_core
    printf7.o(i.__0snprintf$7) refers to printf7.o(i._snputc) for _snputc
    printf7.o(i.__0sprintf$7) refers to printf7.o(i._printf_core) for _printf_core
    printf7.o(i.__0sprintf$7) refers to printf7.o(i._sputc) for _sputc
    printf7.o(i.__0vfprintf$7) refers to printf7.o(i._printf_core) for _printf_core
    printf7.o(i.__0vfprintf$7) refers to retarget.o(i.fputc) for fputc
    printf7.o(i.__0vprintf$7) refers to printf7.o(i._printf_core) for _printf_core
    printf7.o(i.__0vprintf$7) refers to retarget.o(i.fputc) for fputc
    printf7.o(i.__0vprintf$7) refers to retarget.o(.data) for __stdout
    printf7.o(i.__0vsnprintf$7) refers to printf7.o(i._printf_core) for _printf_core
    printf7.o(i.__0vsnprintf$7) refers to printf7.o(i._snputc) for _snputc
    printf7.o(i.__0vsprintf$7) refers to printf7.o(i._printf_core) for _printf_core
    printf7.o(i.__0vsprintf$7) refers to printf7.o(i._sputc) for _sputc
    printf7.o(i._printf_core) refers to printf7.o(i._printf_pre_padding) for _printf_pre_padding
    printf7.o(i._printf_core) refers to printf7.o(i._printf_post_padding) for _printf_post_padding
    printf7.o(i._printf_core) refers to uldiv.o(.text) for __aeabi_uldivmod
    printf8.o(i.__0fprintf$8) refers to printf8.o(i._printf_core) for _printf_core
    printf8.o(i.__0fprintf$8) refers to retarget.o(i.fputc) for fputc
    printf8.o(i.__0printf$8) refers to printf8.o(i._printf_core) for _printf_core
    printf8.o(i.__0printf$8) refers to retarget.o(i.fputc) for fputc
    printf8.o(i.__0printf$8) refers to retarget.o(.data) for __stdout
    printf8.o(i.__0snprintf$8) refers to printf8.o(i._printf_core) for _printf_core
    printf8.o(i.__0snprintf$8) refers to printf8.o(i._snputc) for _snputc
    printf8.o(i.__0sprintf$8) refers to printf8.o(i._printf_core) for _printf_core
    printf8.o(i.__0sprintf$8) refers to printf8.o(i._sputc) for _sputc
    printf8.o(i.__0vfprintf$8) refers to printf8.o(i._printf_core) for _printf_core
    printf8.o(i.__0vfprintf$8) refers to retarget.o(i.fputc) for fputc
    printf8.o(i.__0vprintf$8) refers to printf8.o(i._printf_core) for _printf_core
    printf8.o(i.__0vprintf$8) refers to retarget.o(i.fputc) for fputc
    printf8.o(i.__0vprintf$8) refers to retarget.o(.data) for __stdout
    printf8.o(i.__0vsnprintf$8) refers to printf8.o(i._printf_core) for _printf_core
    printf8.o(i.__0vsnprintf$8) refers to printf8.o(i._snputc) for _snputc
    printf8.o(i.__0vsprintf$8) refers to printf8.o(i._printf_core) for _printf_core
    printf8.o(i.__0vsprintf$8) refers to printf8.o(i._sputc) for _sputc
    printf8.o(i._printf_core) refers to printf8.o(i._printf_pre_padding) for _printf_pre_padding
    printf8.o(i._printf_core) refers to printf8.o(i._printf_post_padding) for _printf_post_padding
    printf8.o(i._printf_core) refers to uldiv.o(.text) for __aeabi_uldivmod
    printfa.o(i.__0fprintf) refers (Special) to iusefp.o(.text) for __I$use$fp
    printfa.o(i.__0fprintf) refers to printfa.o(i._printf_core) for _printf_core
    printfa.o(i.__0fprintf) refers to retarget.o(i.fputc) for fputc
    printfa.o(i.__0printf) refers (Special) to iusefp.o(.text) for __I$use$fp
    printfa.o(i.__0printf) refers to printfa.o(i._printf_core) for _printf_core
    printfa.o(i.__0printf) refers to retarget.o(i.fputc) for fputc
    printfa.o(i.__0printf) refers to retarget.o(.data) for __stdout
    printfa.o(i.__0snprintf) refers (Special) to iusefp.o(.text) for __I$use$fp
    printfa.o(i.__0snprintf) refers to printfa.o(i._printf_core) for _printf_core
    printfa.o(i.__0snprintf) refers to printfa.o(i._snputc) for _snputc
    printfa.o(i.__0sprintf) refers (Special) to iusefp.o(.text) for __I$use$fp
    printfa.o(i.__0sprintf) refers to printfa.o(i._printf_core) for _printf_core
    printfa.o(i.__0sprintf) refers to printfa.o(i._sputc) for _sputc
    printfa.o(i.__0vfprintf) refers (Special) to iusefp.o(.text) for __I$use$fp
    printfa.o(i.__0vfprintf) refers to printfa.o(i._printf_core) for _printf_core
    printfa.o(i.__0vfprintf) refers to retarget.o(i.fputc) for fputc
    printfa.o(i.__0vprintf) refers (Special) to iusefp.o(.text) for __I$use$fp
    printfa.o(i.__0vprintf) refers to printfa.o(i._printf_core) for _printf_core
    printfa.o(i.__0vprintf) refers to retarget.o(i.fputc) for fputc
    printfa.o(i.__0vprintf) refers to retarget.o(.data) for __stdout
    printfa.o(i.__0vsnprintf) refers (Special) to iusefp.o(.text) for __I$use$fp
    printfa.o(i.__0vsnprintf) refers to printfa.o(i._printf_core) for _printf_core
    printfa.o(i.__0vsnprintf) refers to printfa.o(i._snputc) for _snputc
    printfa.o(i.__0vsprintf) refers (Special) to iusefp.o(.text) for __I$use$fp
    printfa.o(i.__0vsprintf) refers to printfa.o(i._printf_core) for _printf_core
    printfa.o(i.__0vsprintf) refers to printfa.o(i._sputc) for _sputc
    printfa.o(i._fp_digits) refers (Special) to iusefp.o(.text) for __I$use$fp
    printfa.o(i._fp_digits) refers to dmul.o(.text) for __aeabi_dmul
    printfa.o(i._fp_digits) refers to ddiv.o(.text) for __aeabi_ddiv
    printfa.o(i._fp_digits) refers to cdrcmple.o(.text) for __aeabi_cdrcmple
    printfa.o(i._fp_digits) refers to dadd.o(.text) for __aeabi_dadd
    printfa.o(i._fp_digits) refers to dfixul.o(.text) for __aeabi_d2ulz
    printfa.o(i._fp_digits) refers to uldiv.o(.text) for __aeabi_uldivmod
    printfa.o(i._printf_core) refers (Special) to iusefp.o(.text) for __I$use$fp
    printfa.o(i._printf_core) refers to printfa.o(i._printf_pre_padding) for _printf_pre_padding
    printfa.o(i._printf_core) refers to uldiv.o(.text) for __aeabi_uldivmod
    printfa.o(i._printf_core) refers to printfa.o(i._printf_post_padding) for _printf_post_padding
    printfa.o(i._printf_core) refers to printfa.o(i._fp_digits) for _fp_digits
    printfa.o(i._printf_core) refers to uidiv.o(.text) for __aeabi_uidivmod
    printfa.o(i._printf_post_padding) refers (Special) to iusefp.o(.text) for __I$use$fp
    printfa.o(i._printf_pre_padding) refers (Special) to iusefp.o(.text) for __I$use$fp
    printfa.o(i._snputc) refers (Special) to iusefp.o(.text) for __I$use$fp
    printfa.o(i._sputc) refers (Special) to iusefp.o(.text) for __I$use$fp
    entry2.o(.ARM.Collect$$$$00000001) refers to entry2.o(.ARM.Collect$$$$00002712) for __lit__00000000
    entry2.o(.ARM.Collect$$$$00002712) refers to keil_startup_hk32f030m.o(STACK) for __initial_sp
    entry2.o(__vectab_stack_and_reset_area) refers to keil_startup_hk32f030m.o(STACK) for __initial_sp
    entry2.o(__vectab_stack_and_reset_area) refers to entry.o(.ARM.Collect$$$$00000000) for __main
    entry5.o(.ARM.Collect$$$$00000004) refers to init.o(.text) for __scatterload
    entry9a.o(.ARM.Collect$$$$0000000B) refers to main.o(i.main) for main
    entry9b.o(.ARM.Collect$$$$0000000C) refers to main.o(i.main) for main
    uldiv.o(.text) refers to llushr.o(.text) for __aeabi_llsr
    uldiv.o(.text) refers to llshl.o(.text) for __aeabi_llsl
    dadd.o(.text) refers to llshl.o(.text) for __aeabi_llsl
    dadd.o(.text) refers to llsshr.o(.text) for __aeabi_lasr
    dadd.o(.text) refers to depilogue.o(.text) for _double_epilogue
    dmul.o(.text) refers to depilogue.o(.text) for _double_epilogue
    ddiv.o(.text) refers to depilogue.o(.text) for _double_round
    dfixul.o(.text) refers to llushr.o(.text) for __aeabi_llsr
    dfixul.o(.text) refers to llshl.o(.text) for __aeabi_llsl
    init.o(.text) refers to entry5.o(.ARM.Collect$$$$00000004) for __main_after_scatterload
    depilogue.o(.text) refers to depilogue.o(i.__ARM_clz) for __ARM_clz
    depilogue.o(.text) refers to llshl.o(.text) for __aeabi_llsl
    depilogue.o(.text) refers to llushr.o(.text) for __aeabi_llsr


==============================================================================

Removing Unused input sections from the image.

    Removing keil_startup_hk32f030m.o(HEAP), (512 bytes).
    Removing main.o(.rev16_text), (4 bytes).
    Removing main.o(.revsh_text), (4 bytes).
    Removing system_hk32f030m.o(.rev16_text), (4 bytes).
    Removing system_hk32f030m.o(.revsh_text), (4 bytes).
    Removing system_hk32f030m.o(i.SystemCoreClockUpdate), (116 bytes).
    Removing hk32f030m_adc.o(.rev16_text), (4 bytes).
    Removing hk32f030m_adc.o(.revsh_text), (4 bytes).
    Removing hk32f030m_adc.o(i.ADC_AWDWakeup_Cmd), (50 bytes).
    Removing hk32f030m_adc.o(i.ADC_AnalogWatchdogCmd), (28 bytes).
    Removing hk32f030m_adc.o(i.ADC_AnalogWatchdogSingleChannelCmd), (28 bytes).
    Removing hk32f030m_adc.o(i.ADC_AnalogWatchdogSingleChannelConfig), (28 bytes).
    Removing hk32f030m_adc.o(i.ADC_AnalogWatchdogThresholdsConfig), (8 bytes).
    Removing hk32f030m_adc.o(i.ADC_AutoPowerOffCmd), (28 bytes).
    Removing hk32f030m_adc.o(i.ADC_ClearFlag), (4 bytes).
    Removing hk32f030m_adc.o(i.ADC_ClearITPendingBit), (4 bytes).
    Removing hk32f030m_adc.o(i.ADC_ClockModeConfig), (4 bytes).
    Removing hk32f030m_adc.o(i.ADC_ContinuousModeCmd), (28 bytes).
    Removing hk32f030m_adc.o(i.ADC_Diff_Func), (48 bytes).
    Removing hk32f030m_adc.o(i.ADC_DiscModeCmd), (28 bytes).
    Removing hk32f030m_adc.o(i.ADC_GetITStatus), (34 bytes).
    Removing hk32f030m_adc.o(i.ADC_ITConfig), (20 bytes).
    Removing hk32f030m_adc.o(i.ADC_InterDelay_Func), (48 bytes).
    Removing hk32f030m_adc.o(i.ADC_JitterCmd), (20 bytes).
    Removing hk32f030m_adc.o(i.ADC_OverrunModeCmd), (28 bytes).
    Removing hk32f030m_adc.o(i.ADC_StopOfConversion), (10 bytes).
    Removing hk32f030m_adc.o(i.ADC_VrefintCmd), (52 bytes).
    Removing hk32f030m_adc.o(i.ADC_WaitModeCmd), (28 bytes).
    Removing hk32f030m_awu.o(.rev16_text), (4 bytes).
    Removing hk32f030m_awu.o(.revsh_text), (4 bytes).
    Removing hk32f030m_awu.o(i.AWU_CLKConfig), (36 bytes).
    Removing hk32f030m_awu.o(i.AWU_DeInit), (16 bytes).
    Removing hk32f030m_awu.o(i.AWU_GetFlagStatus), (16 bytes).
    Removing hk32f030m_awu.o(i.AWU_TimerCounterAndStart), (76 bytes).
    Removing hk32f030m_beep.o(.rev16_text), (4 bytes).
    Removing hk32f030m_beep.o(.revsh_text), (4 bytes).
    Removing hk32f030m_beep.o(i.BEEP_ClockSelect), (36 bytes).
    Removing hk32f030m_beep.o(i.BEEP_Cmd), (64 bytes).
    Removing hk32f030m_beep.o(i.BEEP_DeInit), (40 bytes).
    Removing hk32f030m_beep.o(i.BEEP_Init), (140 bytes).
    Removing hk32f030m_beep.o(i.BEEP_ReadBeepStatus), (28 bytes).
    Removing hk32f030m_beep.o(i.BEEP_SetPrescaler), (32 bytes).
    Removing hk32f030m_beep.o(i.BEEP_SetTRGOPrescaler), (32 bytes).
    Removing hk32f030m_beep.o(i.BEEP_TRGOCmd), (64 bytes).
    Removing hk32f030m_crc.o(.rev16_text), (4 bytes).
    Removing hk32f030m_crc.o(.revsh_text), (4 bytes).
    Removing hk32f030m_crc.o(i.CRC_CalcBlockCRC), (36 bytes).
    Removing hk32f030m_crc.o(i.CRC_CalcCRC), (16 bytes).
    Removing hk32f030m_crc.o(i.CRC_DeInit), (28 bytes).
    Removing hk32f030m_crc.o(i.CRC_GetCRC), (12 bytes).
    Removing hk32f030m_crc.o(i.CRC_GetIDRegister), (12 bytes).
    Removing hk32f030m_crc.o(i.CRC_ResetDR), (20 bytes).
    Removing hk32f030m_crc.o(i.CRC_ReverseInputDataSelect), (32 bytes).
    Removing hk32f030m_crc.o(i.CRC_ReverseOutputDataCmd), (36 bytes).
    Removing hk32f030m_crc.o(i.CRC_SetIDRegister), (12 bytes).
    Removing hk32f030m_crc.o(i.CRC_SetInitRegister), (12 bytes).
    Removing hk32f030m_exti.o(.rev16_text), (4 bytes).
    Removing hk32f030m_exti.o(.revsh_text), (4 bytes).
    Removing hk32f030m_exti.o(i.EXTI_ClearFlag), (12 bytes).
    Removing hk32f030m_exti.o(i.EXTI_ClearITPendingBit), (12 bytes).
    Removing hk32f030m_exti.o(i.EXTI_DeInit), (24 bytes).
    Removing hk32f030m_exti.o(i.EXTI_GenerateSWInterrupt), (16 bytes).
    Removing hk32f030m_exti.o(i.EXTI_GetFlagStatus), (28 bytes).
    Removing hk32f030m_exti.o(i.EXTI_GetITStatus), (40 bytes).
    Removing hk32f030m_exti.o(i.EXTI_Init), (136 bytes).
    Removing hk32f030m_exti.o(i.EXTI_StructInit), (16 bytes).
    Removing hk32f030m_flash.o(.rev16_text), (4 bytes).
    Removing hk32f030m_flash.o(.revsh_text), (4 bytes).
    Removing hk32f030m_flash.o(i.EEPROM_EraseByte), (80 bytes).
    Removing hk32f030m_flash.o(i.EEPROM_ProgramByte), (68 bytes).
    Removing hk32f030m_flash.o(i.FLASH_ClearFlag), (12 bytes).
    Removing hk32f030m_flash.o(i.FLASH_EraseAllPages), (72 bytes).
    Removing hk32f030m_flash.o(i.FLASH_ErasePage), (76 bytes).
    Removing hk32f030m_flash.o(i.FLASH_GetFlagStatus), (28 bytes).
    Removing hk32f030m_flash.o(i.FLASH_GetStatus), (44 bytes).
    Removing hk32f030m_flash.o(i.FLASH_ITConfig), (32 bytes).
    Removing hk32f030m_flash.o(i.FLASH_Lock), (20 bytes).
    Removing hk32f030m_flash.o(i.FLASH_OB_DBGCLKConfig), (144 bytes).
    Removing hk32f030m_flash.o(i.FLASH_OB_EraseByte), (64 bytes).
    Removing hk32f030m_flash.o(i.FLASH_OB_GetRDP), (28 bytes).
    Removing hk32f030m_flash.o(i.FLASH_OB_GetUser), (16 bytes).
    Removing hk32f030m_flash.o(i.FLASH_OB_GetWRP), (12 bytes).
    Removing hk32f030m_flash.o(i.FLASH_OB_IWDG_RLRConfig), (180 bytes).
    Removing hk32f030m_flash.o(i.FLASH_OB_LSILPConfig), (144 bytes).
    Removing hk32f030m_flash.o(i.FLASH_OB_Lock), (20 bytes).
    Removing hk32f030m_flash.o(i.FLASH_OB_ProgramData), (72 bytes).
    Removing hk32f030m_flash.o(i.FLASH_OB_RDPConfig), (192 bytes).
    Removing hk32f030m_flash.o(i.FLASH_OB_Unlock), (40 bytes).
    Removing hk32f030m_flash.o(i.FLASH_OB_UserConfig), (180 bytes).
    Removing hk32f030m_flash.o(i.FLASH_OB_WRPConfig), (272 bytes).
    Removing hk32f030m_flash.o(i.FLASH_OB_WriteUser), (76 bytes).
    Removing hk32f030m_flash.o(i.FLASH_ProgramByte), (68 bytes).
    Removing hk32f030m_flash.o(i.FLASH_ProgramHalfWord), (68 bytes).
    Removing hk32f030m_flash.o(i.FLASH_SetLatency), (28 bytes).
    Removing hk32f030m_flash.o(i.FLASH_Unlock), (36 bytes).
    Removing hk32f030m_flash.o(i.FLASH_WaitForLastOperation), (40 bytes).
    Removing hk32f030m_flash.o(i.Sys_GetDevice64BitUID), (20 bytes).
    Removing hk32f030m_gpio.o(.rev16_text), (4 bytes).
    Removing hk32f030m_gpio.o(.revsh_text), (4 bytes).
    Removing hk32f030m_gpio.o(i.GPIO_DeInit), (120 bytes).
    Removing hk32f030m_gpio.o(i.GPIO_IOMUX_ChangePin), (46 bytes).
    Removing hk32f030m_gpio.o(i.GPIO_IOMUX_PinAFConfig), (152 bytes).
    Removing hk32f030m_gpio.o(i.GPIO_IOMUX_SetTIM2CN1_Source), (12 bytes).
    Removing hk32f030m_gpio.o(i.GPIO_PinLockConfig), (34 bytes).
    Removing hk32f030m_gpio.o(i.GPIO_ReadInputData), (8 bytes).
    Removing hk32f030m_gpio.o(i.GPIO_ReadInputDataBit), (20 bytes).
    Removing hk32f030m_gpio.o(i.GPIO_ReadOutputData), (8 bytes).
    Removing hk32f030m_gpio.o(i.GPIO_ReadOutputDataBit), (20 bytes).
    Removing hk32f030m_gpio.o(i.GPIO_ResetBits), (4 bytes).
    Removing hk32f030m_gpio.o(i.GPIO_SetBits), (4 bytes).
    Removing hk32f030m_gpio.o(i.GPIO_StructInit), (24 bytes).
    Removing hk32f030m_gpio.o(i.GPIO_Toggle), (8 bytes).
    Removing hk32f030m_gpio.o(i.GPIO_Write), (4 bytes).
    Removing hk32f030m_gpio.o(i.GPIO_WriteBit), (12 bytes).
    Removing hk32f030m_i2c.o(.rev16_text), (4 bytes).
    Removing hk32f030m_i2c.o(.revsh_text), (4 bytes).
    Removing hk32f030m_i2c.o(i.I2C_10BitAddressHeaderCmd), (28 bytes).
    Removing hk32f030m_i2c.o(i.I2C_10BitAddressingModeCmd), (28 bytes).
    Removing hk32f030m_i2c.o(i.I2C_AcknowledgeConfig), (28 bytes).
    Removing hk32f030m_i2c.o(i.I2C_AutoEndCmd), (28 bytes).
    Removing hk32f030m_i2c.o(i.I2C_CalculatePEC), (28 bytes).
    Removing hk32f030m_i2c.o(i.I2C_ClearFlag), (4 bytes).
    Removing hk32f030m_i2c.o(i.I2C_ClearITPendingBit), (4 bytes).
    Removing hk32f030m_i2c.o(i.I2C_ClockTimeoutCmd), (28 bytes).
    Removing hk32f030m_i2c.o(i.I2C_Cmd), (24 bytes).
    Removing hk32f030m_i2c.o(i.I2C_DeInit), (36 bytes).
    Removing hk32f030m_i2c.o(i.I2C_DualAddressCmd), (28 bytes).
    Removing hk32f030m_i2c.o(i.I2C_ExtendedClockTimeoutCmd), (26 bytes).
    Removing hk32f030m_i2c.o(i.I2C_GeneralCallCmd), (28 bytes).
    Removing hk32f030m_i2c.o(i.I2C_GenerateSTART), (28 bytes).
    Removing hk32f030m_i2c.o(i.I2C_GenerateSTOP), (28 bytes).
    Removing hk32f030m_i2c.o(i.I2C_GetAddressMatched), (14 bytes).
    Removing hk32f030m_i2c.o(i.I2C_GetFlagStatus), (28 bytes).
    Removing hk32f030m_i2c.o(i.I2C_GetITStatus), (78 bytes).
    Removing hk32f030m_i2c.o(i.I2C_GetPEC), (8 bytes).
    Removing hk32f030m_i2c.o(i.I2C_GetTransferDirection), (30 bytes).
    Removing hk32f030m_i2c.o(i.I2C_ITConfig), (20 bytes).
    Removing hk32f030m_i2c.o(i.I2C_IdleClockTimeoutCmd), (28 bytes).
    Removing hk32f030m_i2c.o(i.I2C_Init), (108 bytes).
    Removing hk32f030m_i2c.o(i.I2C_MasterRequestConfig), (28 bytes).
    Removing hk32f030m_i2c.o(i.I2C_NumberOfBytesConfig), (28 bytes).
    Removing hk32f030m_i2c.o(i.I2C_OwnAddress2Config), (36 bytes).
    Removing hk32f030m_i2c.o(i.I2C_PECRequestCmd), (28 bytes).
    Removing hk32f030m_i2c.o(i.I2C_ReadRegister), (22 bytes).
    Removing hk32f030m_i2c.o(i.I2C_ReceiveData), (8 bytes).
    Removing hk32f030m_i2c.o(i.I2C_ReloadCmd), (28 bytes).
    Removing hk32f030m_i2c.o(i.I2C_SMBusAlertCmd), (28 bytes).
    Removing hk32f030m_i2c.o(i.I2C_SendData), (4 bytes).
    Removing hk32f030m_i2c.o(i.I2C_SlaveAddressConfig), (20 bytes).
    Removing hk32f030m_i2c.o(i.I2C_SlaveByteControlCmd), (28 bytes).
    Removing hk32f030m_i2c.o(i.I2C_SoftwareResetCmd), (20 bytes).
    Removing hk32f030m_i2c.o(i.I2C_StopModeCmd), (28 bytes).
    Removing hk32f030m_i2c.o(i.I2C_StretchClockCmd), (28 bytes).
    Removing hk32f030m_i2c.o(i.I2C_StructInit), (24 bytes).
    Removing hk32f030m_i2c.o(i.I2C_TimeoutAConfig), (20 bytes).
    Removing hk32f030m_i2c.o(i.I2C_TimeoutBConfig), (32 bytes).
    Removing hk32f030m_i2c.o(i.I2C_TransferHandling), (44 bytes).
    Removing hk32f030m_iwdg.o(.rev16_text), (4 bytes).
    Removing hk32f030m_iwdg.o(.revsh_text), (4 bytes).
    Removing hk32f030m_iwdg.o(i.IWDG_Enable), (16 bytes).
    Removing hk32f030m_iwdg.o(i.IWDG_GetFlagStatus), (28 bytes).
    Removing hk32f030m_iwdg.o(i.IWDG_ReloadCounter), (16 bytes).
    Removing hk32f030m_iwdg.o(i.IWDG_SetPrescaler), (12 bytes).
    Removing hk32f030m_iwdg.o(i.IWDG_SetReload), (12 bytes).
    Removing hk32f030m_iwdg.o(i.IWDG_SetWindowValue), (12 bytes).
    Removing hk32f030m_iwdg.o(i.IWDG_WriteAccessCmd), (12 bytes).
    Removing hk32f030m_misc.o(.rev16_text), (4 bytes).
    Removing hk32f030m_misc.o(.revsh_text), (4 bytes).
    Removing hk32f030m_misc.o(i.NVIC_SystemLPConfig), (32 bytes).
    Removing hk32f030m_misc.o(i.SysTick_CLKSourceConfig), (36 bytes).
    Removing hk32f030m_pwr.o(.rev16_text), (4 bytes).
    Removing hk32f030m_pwr.o(.revsh_text), (4 bytes).
    Removing hk32f030m_pwr.o(i.PWR_DeInit), (22 bytes).
    Removing hk32f030m_pwr.o(i.PWR_EnterDeepSleepMode), (16 bytes).
    Removing hk32f030m_pwr.o(i.PWR_EnterSleepMode), (32 bytes).
    Removing hk32f030m_pwr.o(i.PWR_EnterStopMode), (112 bytes).
    Removing hk32f030m_pwr.o(i.PWR_SetLDO_RefVolToADC), (36 bytes).
    Removing hk32f030m_pwr.o(i.Sysclk_SwitchToLSI), (140 bytes).
    Removing hk32f030m_rcc.o(.rev16_text), (4 bytes).
    Removing hk32f030m_rcc.o(.revsh_text), (4 bytes).
    Removing hk32f030m_rcc.o(i.RCC_ADCCLKConfig), (76 bytes).
    Removing hk32f030m_rcc.o(i.RCC_AHBPeriphResetCmd), (32 bytes).
    Removing hk32f030m_rcc.o(i.RCC_APB1PeriphResetCmd), (32 bytes).
    Removing hk32f030m_rcc.o(i.RCC_AdjustHSICalibrationValue), (32 bytes).
    Removing hk32f030m_rcc.o(i.RCC_ClearFlag), (20 bytes).
    Removing hk32f030m_rcc.o(i.RCC_ClearITPendingBit), (12 bytes).
    Removing hk32f030m_rcc.o(i.RCC_ClockSecuritySystemCmd), (40 bytes).
    Removing hk32f030m_rcc.o(i.RCC_DeInit), (52 bytes).
    Removing hk32f030m_rcc.o(i.RCC_EXTCmd), (108 bytes).
    Removing hk32f030m_rcc.o(i.RCC_GetFlagStatus), (56 bytes).
    Removing hk32f030m_rcc.o(i.RCC_GetITStatus), (28 bytes).
    Removing hk32f030m_rcc.o(i.RCC_GetSYSCLKSource), (16 bytes).
    Removing hk32f030m_rcc.o(i.RCC_HCLKConfig), (32 bytes).
    Removing hk32f030m_rcc.o(i.RCC_HSICmd), (36 bytes).
    Removing hk32f030m_rcc.o(i.RCC_I2CCLKConfig), (28 bytes).
    Removing hk32f030m_rcc.o(i.RCC_ITConfig), (32 bytes).
    Removing hk32f030m_rcc.o(i.RCC_LSICmd), (36 bytes).
    Removing hk32f030m_rcc.o(i.RCC_MCOConfig), (36 bytes).
    Removing hk32f030m_rcc.o(i.RCC_PCLKConfig), (36 bytes).
    Removing hk32f030m_rcc.o(i.RCC_SYSCLKConfig), (28 bytes).
    Removing hk32f030m_rcc.o(i.RCC_USARTCLKConfig), (28 bytes).
    Removing hk32f030m_rcc.o(i.RCC_WaitForStartUp), (64 bytes).
    Removing hk32f030m_spi.o(.rev16_text), (4 bytes).
    Removing hk32f030m_spi.o(.revsh_text), (4 bytes).
    Removing hk32f030m_spi.o(i.I2S_Cmd), (32 bytes).
    Removing hk32f030m_spi.o(i.I2S_Init), (232 bytes).
    Removing hk32f030m_spi.o(i.I2S_StructInit), (20 bytes).
    Removing hk32f030m_spi.o(i.SPI_BiDirectionalLineConfig), (32 bytes).
    Removing hk32f030m_spi.o(i.SPI_CRCLengthConfig), (20 bytes).
    Removing hk32f030m_spi.o(i.SPI_CalculateCRC), (32 bytes).
    Removing hk32f030m_spi.o(i.SPI_Cmd), (28 bytes).
    Removing hk32f030m_spi.o(i.SPI_DataSizeConfig), (28 bytes).
    Removing hk32f030m_spi.o(i.SPI_GetCRC), (20 bytes).
    Removing hk32f030m_spi.o(i.SPI_GetCRCPolynomial), (8 bytes).
    Removing hk32f030m_spi.o(i.SPI_GetReceptionFIFOStatus), (12 bytes).
    Removing hk32f030m_spi.o(i.SPI_GetTransmissionFIFOStatus), (12 bytes).
    Removing hk32f030m_spi.o(i.SPI_I2S_ClearFlag), (8 bytes).
    Removing hk32f030m_spi.o(i.SPI_I2S_DeInit), (32 bytes).
    Removing hk32f030m_spi.o(i.SPI_I2S_GetFlagStatus), (20 bytes).
    Removing hk32f030m_spi.o(i.SPI_I2S_GetITStatus), (56 bytes).
    Removing hk32f030m_spi.o(i.SPI_I2S_ITConfig), (38 bytes).
    Removing hk32f030m_spi.o(i.SPI_I2S_ReceiveData16), (8 bytes).
    Removing hk32f030m_spi.o(i.SPI_I2S_SendData16), (4 bytes).
    Removing hk32f030m_spi.o(i.SPI_Init), (96 bytes).
    Removing hk32f030m_spi.o(i.SPI_NSSInternalSoftwareConfig), (32 bytes).
    Removing hk32f030m_spi.o(i.SPI_NSSPulseModeCmd), (28 bytes).
    Removing hk32f030m_spi.o(i.SPI_ReceiveData8), (12 bytes).
    Removing hk32f030m_spi.o(i.SPI_RxFIFOThresholdConfig), (20 bytes).
    Removing hk32f030m_spi.o(i.SPI_SSOutputCmd), (28 bytes).
    Removing hk32f030m_spi.o(i.SPI_SendData8), (10 bytes).
    Removing hk32f030m_spi.o(i.SPI_StructInit), (30 bytes).
    Removing hk32f030m_spi.o(i.SPI_TIModeCmd), (28 bytes).
    Removing hk32f030m_spi.o(i.SPI_TransmitCRC), (12 bytes).
    Removing hk32f030m_syscfg.o(.rev16_text), (4 bytes).
    Removing hk32f030m_syscfg.o(.revsh_text), (4 bytes).
    Removing hk32f030m_syscfg.o(i.SYSCFG_DeInit), (20 bytes).
    Removing hk32f030m_syscfg.o(i.SYSCFG_EXTILineConfig), (64 bytes).
    Removing hk32f030m_syscfg.o(i.SYSCFG_Lockup_Tim1BreakConfig), (36 bytes).
    Removing hk32f030m_syscfg.o(i.SYSCFG_MemoryRemapConfig), (40 bytes).
    Removing hk32f030m_tim.o(.rev16_text), (4 bytes).
    Removing hk32f030m_tim.o(.revsh_text), (4 bytes).
    Removing hk32f030m_tim.o(i.TI1_Config), (60 bytes).
    Removing hk32f030m_tim.o(i.TI2_Config), (80 bytes).
    Removing hk32f030m_tim.o(i.TI3_Config), (76 bytes).
    Removing hk32f030m_tim.o(i.TI4_Config), (84 bytes).
    Removing hk32f030m_tim.o(i.TIM_ARRPreloadConfig), (28 bytes).
    Removing hk32f030m_tim.o(i.TIM_BDTRConfig), (30 bytes).
    Removing hk32f030m_tim.o(i.TIM_BDTRStructInit), (18 bytes).
    Removing hk32f030m_tim.o(i.TIM_CCPreloadControl), (28 bytes).
    Removing hk32f030m_tim.o(i.TIM_CCxCmd), (34 bytes).
    Removing hk32f030m_tim.o(i.TIM_CCxNCmd), (34 bytes).
    Removing hk32f030m_tim.o(i.TIM_ClearFlag), (8 bytes).
    Removing hk32f030m_tim.o(i.TIM_ClearOC1Ref), (28 bytes).
    Removing hk32f030m_tim.o(i.TIM_ClearOC2Ref), (22 bytes).
    Removing hk32f030m_tim.o(i.TIM_ClearOC3Ref), (28 bytes).
    Removing hk32f030m_tim.o(i.TIM_ClearOC4Ref), (22 bytes).
    Removing hk32f030m_tim.o(i.TIM_CounterModeConfig), (28 bytes).
    Removing hk32f030m_tim.o(i.TIM_CtrlPWMOutputs), (26 bytes).
    Removing hk32f030m_tim.o(i.TIM_DeInit), (88 bytes).
    Removing hk32f030m_tim.o(i.TIM_ETRClockMode1Config), (52 bytes).
    Removing hk32f030m_tim.o(i.TIM_ETRClockMode2Config), (34 bytes).
    Removing hk32f030m_tim.o(i.TIM_ETRConfig), (26 bytes).
    Removing hk32f030m_tim.o(i.TIM_EncoderInterfaceConfig), (72 bytes).
    Removing hk32f030m_tim.o(i.TIM_ForcedOC1Config), (28 bytes).
    Removing hk32f030m_tim.o(i.TIM_ForcedOC2Config), (28 bytes).
    Removing hk32f030m_tim.o(i.TIM_ForcedOC3Config), (28 bytes).
    Removing hk32f030m_tim.o(i.TIM_ForcedOC4Config), (28 bytes).
    Removing hk32f030m_tim.o(i.TIM_GenerateEvent), (4 bytes).
    Removing hk32f030m_tim.o(i.TIM_GetCapture1), (6 bytes).
    Removing hk32f030m_tim.o(i.TIM_GetCapture2), (6 bytes).
    Removing hk32f030m_tim.o(i.TIM_GetCapture3), (6 bytes).
    Removing hk32f030m_tim.o(i.TIM_GetCapture4), (6 bytes).
    Removing hk32f030m_tim.o(i.TIM_GetCounter), (6 bytes).
    Removing hk32f030m_tim.o(i.TIM_GetFlagStatus), (20 bytes).
    Removing hk32f030m_tim.o(i.TIM_GetPrescaler), (8 bytes).
    Removing hk32f030m_tim.o(i.TIM_ICInit), (112 bytes).
    Removing hk32f030m_tim.o(i.TIM_ICStructInit), (18 bytes).
    Removing hk32f030m_tim.o(i.TIM_ITRxExternalClockConfig), (24 bytes).
    Removing hk32f030m_tim.o(i.TIM_InternalClockConfig), (16 bytes).
    Removing hk32f030m_tim.o(i.TIM_OC1FastConfig), (28 bytes).
    Removing hk32f030m_tim.o(i.TIM_OC1Init), (120 bytes).
    Removing hk32f030m_tim.o(i.TIM_OC1NPolarityConfig), (28 bytes).
    Removing hk32f030m_tim.o(i.TIM_OC1PolarityConfig), (28 bytes).
    Removing hk32f030m_tim.o(i.TIM_OC1PreloadConfig), (28 bytes).
    Removing hk32f030m_tim.o(i.TIM_OC2FastConfig), (28 bytes).
    Removing hk32f030m_tim.o(i.TIM_OC2Init), (168 bytes).
    Removing hk32f030m_tim.o(i.TIM_OC2NPolarityConfig), (28 bytes).
    Removing hk32f030m_tim.o(i.TIM_OC2PolarityConfig), (28 bytes).
    Removing hk32f030m_tim.o(i.TIM_OC2PreloadConfig), (28 bytes).
    Removing hk32f030m_tim.o(i.TIM_OC3FastConfig), (28 bytes).
    Removing hk32f030m_tim.o(i.TIM_OC3Init), (160 bytes).
    Removing hk32f030m_tim.o(i.TIM_OC3NPolarityConfig), (28 bytes).
    Removing hk32f030m_tim.o(i.TIM_OC3PolarityConfig), (28 bytes).
    Removing hk32f030m_tim.o(i.TIM_OC3PreloadConfig), (28 bytes).
    Removing hk32f030m_tim.o(i.TIM_OC4FastConfig), (28 bytes).
    Removing hk32f030m_tim.o(i.TIM_OC4Init), (120 bytes).
    Removing hk32f030m_tim.o(i.TIM_OC4PolarityConfig), (28 bytes).
    Removing hk32f030m_tim.o(i.TIM_OC4PreloadConfig), (28 bytes).
    Removing hk32f030m_tim.o(i.TIM_OCStructInit), (20 bytes).
    Removing hk32f030m_tim.o(i.TIM_PWMIConfig), (124 bytes).
    Removing hk32f030m_tim.o(i.TIM_PrescalerConfig), (6 bytes).
    Removing hk32f030m_tim.o(i.TIM_SelectCOM), (28 bytes).
    Removing hk32f030m_tim.o(i.TIM_SelectHallSensor), (28 bytes).
    Removing hk32f030m_tim.o(i.TIM_SelectInputTrigger), (28 bytes).
    Removing hk32f030m_tim.o(i.TIM_SelectMasterSlaveMode), (20 bytes).
    Removing hk32f030m_tim.o(i.TIM_SelectOCREFClear), (20 bytes).
    Removing hk32f030m_tim.o(i.TIM_SelectOCxM), (86 bytes).
    Removing hk32f030m_tim.o(i.TIM_SelectOnePulseMode), (20 bytes).
    Removing hk32f030m_tim.o(i.TIM_SelectOutputTrigger), (20 bytes).
    Removing hk32f030m_tim.o(i.TIM_SelectSlaveMode), (20 bytes).
    Removing hk32f030m_tim.o(i.TIM_SetAutoreload), (4 bytes).
    Removing hk32f030m_tim.o(i.TIM_SetClockDivision), (20 bytes).
    Removing hk32f030m_tim.o(i.TIM_SetCompare1), (4 bytes).
    Removing hk32f030m_tim.o(i.TIM_SetCompare2), (4 bytes).
    Removing hk32f030m_tim.o(i.TIM_SetCompare3), (4 bytes).
    Removing hk32f030m_tim.o(i.TIM_SetCompare4), (4 bytes).
    Removing hk32f030m_tim.o(i.TIM_SetCounter), (4 bytes).
    Removing hk32f030m_tim.o(i.TIM_SetIC1Prescaler), (20 bytes).
    Removing hk32f030m_tim.o(i.TIM_SetIC2Prescaler), (24 bytes).
    Removing hk32f030m_tim.o(i.TIM_SetIC3Prescaler), (20 bytes).
    Removing hk32f030m_tim.o(i.TIM_SetIC4Prescaler), (24 bytes).
    Removing hk32f030m_tim.o(i.TIM_TIxExternalClockConfig), (58 bytes).
    Removing hk32f030m_tim.o(i.TIM_TimeBaseStructInit), (18 bytes).
    Removing hk32f030m_tim.o(i.TIM_UpdateDisableConfig), (28 bytes).
    Removing hk32f030m_tim.o(i.TIM_UpdateRequestConfig), (28 bytes).
    Removing hk32f030m_usart.o(.rev16_text), (4 bytes).
    Removing hk32f030m_usart.o(.revsh_text), (4 bytes).
    Removing hk32f030m_usart.o(i.USART_AddressDetectionConfig), (16 bytes).
    Removing hk32f030m_usart.o(i.USART_AutoBaudRateCmd), (28 bytes).
    Removing hk32f030m_usart.o(i.USART_AutoBaudRateConfig), (18 bytes).
    Removing hk32f030m_usart.o(i.USART_ClearFlag), (4 bytes).
    Removing hk32f030m_usart.o(i.USART_ClearITPendingBit), (18 bytes).
    Removing hk32f030m_usart.o(i.USART_ClockInit), (36 bytes).
    Removing hk32f030m_usart.o(i.USART_ClockStructInit), (12 bytes).
    Removing hk32f030m_usart.o(i.USART_DECmd), (28 bytes).
    Removing hk32f030m_usart.o(i.USART_DEPolarityConfig), (18 bytes).
    Removing hk32f030m_usart.o(i.USART_DataInvCmd), (28 bytes).
    Removing hk32f030m_usart.o(i.USART_DeInit), (36 bytes).
    Removing hk32f030m_usart.o(i.USART_DirectionModeCmd), (20 bytes).
    Removing hk32f030m_usart.o(i.USART_GetFlagStatus), (20 bytes).
    Removing hk32f030m_usart.o(i.USART_GetITStatus), (78 bytes).
    Removing hk32f030m_usart.o(i.USART_HalfDuplexCmd), (24 bytes).
    Removing hk32f030m_usart.o(i.USART_ITConfig), (66 bytes).
    Removing hk32f030m_usart.o(i.USART_InvPinCmd), (20 bytes).
    Removing hk32f030m_usart.o(i.USART_IrDACmd), (24 bytes).
    Removing hk32f030m_usart.o(i.USART_IrDAConfig), (16 bytes).
    Removing hk32f030m_usart.o(i.USART_LINBreakDetectLengthConfig), (16 bytes).
    Removing hk32f030m_usart.o(i.USART_LINCmd), (28 bytes).
    Removing hk32f030m_usart.o(i.USART_MSBFirstCmd), (28 bytes).
    Removing hk32f030m_usart.o(i.USART_MuteModeCmd), (28 bytes).
    Removing hk32f030m_usart.o(i.USART_MuteModeWakeUpConfig), (18 bytes).
    Removing hk32f030m_usart.o(i.USART_OneBitMethodCmd), (28 bytes).
    Removing hk32f030m_usart.o(i.USART_OverSampling8Cmd), (28 bytes).
    Removing hk32f030m_usart.o(i.USART_OverrunDetectionConfig), (18 bytes).
    Removing hk32f030m_usart.o(i.USART_ReceiveData), (10 bytes).
    Removing hk32f030m_usart.o(i.USART_ReceiverTimeOutCmd), (28 bytes).
    Removing hk32f030m_usart.o(i.USART_RequestCmd), (20 bytes).
    Removing hk32f030m_usart.o(i.USART_STOPModeCmd), (24 bytes).
    Removing hk32f030m_usart.o(i.USART_SWAPPinCmd), (28 bytes).
    Removing hk32f030m_usart.o(i.USART_SendData), (8 bytes).
    Removing hk32f030m_usart.o(i.USART_SetAddress), (18 bytes).
    Removing hk32f030m_usart.o(i.USART_SetAutoRetryCount), (20 bytes).
    Removing hk32f030m_usart.o(i.USART_SetBlockLength), (18 bytes).
    Removing hk32f030m_usart.o(i.USART_SetDEAssertionTime), (20 bytes).
    Removing hk32f030m_usart.o(i.USART_SetDEDeassertionTime), (20 bytes).
    Removing hk32f030m_usart.o(i.USART_SetGuardTime), (16 bytes).
    Removing hk32f030m_usart.o(i.USART_SetPrescaler), (18 bytes).
    Removing hk32f030m_usart.o(i.USART_SetReceiverTimeOut), (16 bytes).
    Removing hk32f030m_usart.o(i.USART_SmartCardCmd), (24 bytes).
    Removing hk32f030m_usart.o(i.USART_SmartCardNACKCmd), (24 bytes).
    Removing hk32f030m_usart.o(i.USART_StopModeWakeUpSourceConfig), (18 bytes).
    Removing hk32f030m_usart.o(i.USART_StructInit), (24 bytes).
    Removing hk32f030m_wwdg.o(.rev16_text), (4 bytes).
    Removing hk32f030m_wwdg.o(.revsh_text), (4 bytes).
    Removing hk32f030m_wwdg.o(i.WWDG_ClearFlag), (12 bytes).
    Removing hk32f030m_wwdg.o(i.WWDG_DeInit), (22 bytes).
    Removing hk32f030m_wwdg.o(i.WWDG_Enable), (16 bytes).
    Removing hk32f030m_wwdg.o(i.WWDG_EnableIT), (20 bytes).
    Removing hk32f030m_wwdg.o(i.WWDG_GetFlagStatus), (24 bytes).
    Removing hk32f030m_wwdg.o(i.WWDG_SetCounter), (16 bytes).
    Removing hk32f030m_wwdg.o(i.WWDG_SetPrescaler), (32 bytes).
    Removing hk32f030m_wwdg.o(i.WWDG_SetWindowValue), (40 bytes).
    Removing delay.o(.rev16_text), (4 bytes).
    Removing delay.o(.revsh_text), (4 bytes).
    Removing digital_tube.o(.rev16_text), (4 bytes).
    Removing digital_tube.o(.revsh_text), (4 bytes).
    Removing tim.o(.rev16_text), (4 bytes).
    Removing tim.o(.revsh_text), (4 bytes).
    Removing usart.o(.rev16_text), (4 bytes).
    Removing usart.o(.revsh_text), (4 bytes).
    Removing usart.o(i.USART_SendStringLen), (28 bytes).
    Removing adc.o(.rev16_text), (4 bytes).
    Removing adc.o(.revsh_text), (4 bytes).
    Removing trace.o(.rev16_text), (4 bytes).
    Removing trace.o(.revsh_text), (4 bytes).
    Removing trace.o(i.trace_dump), (48 bytes).
    Removing retarget.o(.rev16_text), (4 bytes).
    Removing retarget.o(.revsh_text), (4 bytes).
    Removing dadd.o(.text), (356 bytes).
    Removing dmul.o(.text), (208 bytes).
    Removing ddiv.o(.text), (240 bytes).
    Removing dfixul.o(.text), (64 bytes).
    Removing cdrcmple.o(.text), (40 bytes).
    Removing depilogue.o(.text), (190 bytes).
    Removing hk32f030m_gpio.o(i.__ARM_common_switch8), (28 bytes).
    Removing depilogue.o(i.__ARM_clz), (46 bytes).

406 unused section(s) (total 14092 bytes) removed from the image.

==============================================================================

Image Symbol Table

    Local Symbols

    Symbol Name                              Value     Ov Type        Size  Object(Section)

    ../clib/microlib/division.c              0x00000000   Number         0  uldiv.o ABSOLUTE
    ../clib/microlib/division.c              0x00000000   Number         0  uidiv.o ABSOLUTE
    ../clib/microlib/init/entry.s            0x00000000   Number         0  entry10a.o ABSOLUTE
    ../clib/microlib/init/entry.s            0x00000000   Number         0  entry.o ABSOLUTE
    ../clib/microlib/init/entry.s            0x00000000   Number         0  entry11b.o ABSOLUTE
    ../clib/microlib/init/entry.s            0x00000000   Number         0  entry11a.o ABSOLUTE
    ../clib/microlib/init/entry.s            0x00000000   Number         0  entry10b.o ABSOLUTE
    ../clib/microlib/init/entry.s            0x00000000   Number         0  entry9b.o ABSOLUTE
    ../clib/microlib/init/entry.s            0x00000000   Number         0  entry9a.o ABSOLUTE
    ../clib/microlib/init/entry.s            0x00000000   Number         0  entry8b.o ABSOLUTE
    ../clib/microlib/init/entry.s            0x00000000   Number         0  entry8a.o ABSOLUTE
    ../clib/microlib/init/entry.s            0x00000000   Number         0  entry7b.o ABSOLUTE
    ../clib/microlib/init/entry.s            0x00000000   Number         0  entry7a.o ABSOLUTE
    ../clib/microlib/init/entry.s            0x00000000   Number         0  entry5.o ABSOLUTE
    ../clib/microlib/init/entry.s            0x00000000   Number         0  entry2.o ABSOLUTE
    ../clib/microlib/longlong.c              0x00000000   Number         0  llsshr.o ABSOLUTE
    ../clib/microlib/longlong.c              0x00000000   Number         0  llushr.o ABSOLUTE
    ../clib/microlib/longlong.c              0x00000000   Number         0  llshl.o ABSOLUTE
    ../clib/microlib/printf/printf.c         0x00000000   Number         0  printf2.o ABSOLUTE
    ../clib/microlib/printf/printf.c         0x00000000   Number         0  printf3.o ABSOLUTE
    ../clib/microlib/printf/printf.c         0x00000000   Number         0  printf4.o ABSOLUTE
    ../clib/microlib/printf/printf.c         0x00000000   Number         0  printf5.o ABSOLUTE
    ../clib/microlib/printf/printf.c         0x00000000   Number         0  printf6.o ABSOLUTE
    ../clib/microlib/printf/printf.c         0x00000000   Number         0  printf1.o ABSOLUTE
    ../clib/microlib/printf/printf.c         0x00000000   Number         0  printf7.o ABSOLUTE
    ../clib/microlib/printf/printf.c         0x00000000   Number         0  printf8.o ABSOLUTE
    ../clib/microlib/printf/printf.c         0x00000000   Number         0  printfa.o ABSOLUTE
    ../clib/microlib/printf/printf.c         0x00000000   Number         0  printfb.o ABSOLUTE
    ../clib/microlib/printf/printf.c         0x00000000   Number         0  printf0.o ABSOLUTE
    ../clib/microlib/printf/stubs.s          0x00000000   Number         0  stubs.o ABSOLUTE
    ../clib/microlib/stubs.s                 0x00000000   Number         0  iusefp.o ABSOLUTE
    ../fplib/microlib/fpadd.c                0x00000000   Number         0  dadd.o ABSOLUTE
    ../fplib/microlib/fpdiv.c                0x00000000   Number         0  ddiv.o ABSOLUTE
    ../fplib/microlib/fpepilogue.c           0x00000000   Number         0  depilogue.o ABSOLUTE
    ../fplib/microlib/fpfix.c                0x00000000   Number         0  dfixul.o ABSOLUTE
    ../fplib/microlib/fpmul.c                0x00000000   Number         0  dmul.o ABSOLUTE
    ..\..\HK32F030M\CMSIS\HK32F030M\Source\ARM\KEIL_Startup_hk32f030m.s 0x00000000   Number         0  keil_startup_hk32f030m.o ABSOLUTE
    ..\..\HK32F030M\CMSIS\HK32F030M\Source\system_hk32f030m.c 0x00000000   Number         0  system_hk32f030m.o ABSOLUTE
    ..\..\HK32F030M\HK32F030M_Lib\src\hk32f030m_adc.c 0x00000000   Number         0  hk32f030m_adc.o ABSOLUTE
    ..\..\HK32F030M\HK32F030M_Lib\src\hk32f030m_awu.c 0x00000000   Number         0  hk32f030m_awu.o ABSOLUTE
    ..\..\HK32F030M\HK32F030M_Lib\src\hk32f030m_beep.c 0x00000000   Number         0  hk32f030m_beep.o ABSOLUTE
    ..\..\HK32F030M\HK32F030M_Lib\src\hk32f030m_crc.c 0x00000000   Number         0  hk32f030m_crc.o ABSOLUTE
    ..\..\HK32F030M\HK32F030M_Lib\src\hk32f030m_exti.c 0x00000000   Number         0  hk32f030m_exti.o ABSOLUTE
    ..\..\HK32F030M\HK32F030M_Lib\src\hk32f030m_flash.c 0x00000000   Number         0  hk32f030m_flash.o ABSOLUTE
    ..\..\HK32F030M\HK32F030M_Lib\src\hk32f030m_gpio.c 0x00000000   Number         0  hk32f030m_gpio.o ABSOLUTE
    ..\..\HK32F030M\HK32F030M_Lib\src\hk32f030m_i2c.c 0x00000000   Number         0  hk32f030m_i2c.o ABSOLUTE
    ..\..\HK32F030M\HK32F030M_Lib\src\hk32f030m_iwdg.c 0x00000000   Number         0  hk32f030m_iwdg.o ABSOLUTE
    ..\..\HK32F030M\HK32F030M_Lib\src\hk32f030m_misc.c 0x00000000   Number         0  hk32f030m_misc.o ABSOLUTE
    ..\..\HK32F030M\HK32F030M_Lib\src\hk32f030m_pwr.c 0x00000000   Number         0  hk32f030m_pwr.o ABSOLUTE
    ..\..\HK32F030M\HK32F030M_Lib\src\hk32f030m_rcc.c 0x00000000   Number         0  hk32f030m_rcc.o ABSOLUTE
    ..\..\HK32F030M\HK32F030M_Lib\src\hk32f030m_spi.c 0x00000000   Number         0  hk32f030m_spi.o ABSOLUTE
    ..\..\HK32F030M\HK32F030M_Lib\src\hk32f030m_syscfg.c 0x00000000   Number         0  hk32f030m_syscfg.o ABSOLUTE
    ..\..\HK32F030M\HK32F030M_Lib\src\hk32f030m_tim.c 0x00000000   Number         0  hk32f030m_tim.o ABSOLUTE
    ..\..\HK32F030M\HK32F030M_Lib\src\hk32f030m_usart.c 0x00000000   Number         0  hk32f030m_usart.o ABSOLUTE
    ..\..\HK32F030M\HK32F030M_Lib\src\hk32f030m_wwdg.c 0x00000000   Number         0  hk32f030m_wwdg.o ABSOLUTE
    ..\\..\\HK32F030M\\CMSIS\\HK32F030M\\Source\\system_hk32f030m.c 0x00000000   Number         0  system_hk32f030m.o ABSOLUTE
    ..\\..\\HK32F030M\\HK32F030M_Lib\\src\\hk32f030m_adc.c 0x00000000   Number         0  hk32f030m_adc.o ABSOLUTE
    ..\\..\\HK32F030M\\HK32F030M_Lib\\src\\hk32f030m_awu.c 0x00000000   Number         0  hk32f030m_awu.o ABSOLUTE
    ..\\..\\HK32F030M\\HK32F030M_Lib\\src\\hk32f030m_beep.c 0x00000000   Number         0  hk32f030m_beep.o ABSOLUTE
    ..\\..\\HK32F030M\\HK32F030M_Lib\\src\\hk32f030m_crc.c 0x00000000   Number         0  hk32f030m_crc.o ABSOLUTE
    ..\\..\\HK32F030M\\HK32F030M_Lib\\src\\hk32f030m_exti.c 0x00000000   Number         0  hk32f030m_exti.o ABSOLUTE
    ..\\..\\HK32F030M\\HK32F030M_Lib\\src\\hk32f030m_flash.c 0x00000000   Number         0  hk32f030m_flash.o ABSOLUTE
    ..\\..\\HK32F030M\\HK32F030M_Lib\\src\\hk32f030m_gpio.c 0x00000000   Number         0  hk32f030m_gpio.o ABSOLUTE
    ..\\..\\HK32F030M\\HK32F030M_Lib\\src\\hk32f030m_i2c.c 0x00000000   Number         0  hk32f030m_i2c.o ABSOLUTE
    ..\\..\\HK32F030M\\HK32F030M_Lib\\src\\hk32f030m_iwdg.c 0x00000000   Number         0  hk32f030m_iwdg.o ABSOLUTE
    ..\\..\\HK32F030M\\HK32F030M_Lib\\src\\hk32f030m_misc.c 0x00000000   Number         0  hk32f030m_misc.o ABSOLUTE
    ..\\..\\HK32F030M\\HK32F030M_Lib\\src\\hk32f030m_pwr.c 0x00000000   Number         0  hk32f030m_pwr.o ABSOLUTE
    ..\\..\\HK32F030M\\HK32F030M_Lib\\src\\hk32f030m_rcc.c 0x00000000   Number         0  hk32f030m_rcc.o ABSOLUTE
    ..\\..\\HK32F030M\\HK32F030M_Lib\\src\\hk32f030m_spi.c 0x00000000   Number         0  hk32f030m_spi.o ABSOLUTE
    ..\\..\\HK32F030M\\HK32F030M_Lib\\src\\hk32f030m_syscfg.c 0x00000000   Number         0  hk32f030m_syscfg.o ABSOLUTE
    ..\\..\\HK32F030M\\HK32F030M_Lib\\src\\hk32f030m_tim.c 0x00000000   Number         0  hk32f030m_tim.o ABSOLUTE
    ..\\..\\HK32F030M\\HK32F030M_Lib\\src\\hk32f030m_usart.c 0x00000000   Number         0  hk32f030m_usart.o ABSOLUTE
    ..\\..\\HK32F030M\\HK32F030M_Lib\\src\\hk32f030m_wwdg.c 0x00000000   Number         0  hk32f030m_wwdg.o ABSOLUTE
    ..\\components\\trace\\trace.c           0x00000000   Number         0  trace.o ABSOLUTE
    ..\\hardware\\adc\\adc.c                 0x00000000   Number         0  adc.o ABSOLUTE
    ..\\hardware\\digital_tube\\digital_tube.c 0x00000000   Number         0  digital_tube.o ABSOLUTE
    ..\\hardware\\tim\\tim.c                 0x00000000   Number         0  tim.o ABSOLUTE
    ..\\hardware\\usart\\retarget.c          0x00000000   Number         0  retarget.o ABSOLUTE
    ..\\hardware\\usart\\usart.c             0x00000000   Number         0  usart.o ABSOLUTE
    ..\\src\\main.c                          0x00000000   Number         0  main.o ABSOLUTE
    ..\\sys\\delay.c                         0x00000000   Number         0  delay.o ABSOLUTE
    ..\components\trace\trace.c              0x00000000   Number         0  trace.o ABSOLUTE
    ..\hardware\adc\adc.c                    0x00000000   Number         0  adc.o ABSOLUTE
    ..\hardware\digital_tube\digital_tube.c  0x00000000   Number         0  digital_tube.o ABSOLUTE
    ..\hardware\tim\tim.c                    0x00000000   Number         0  tim.o ABSOLUTE
    ..\hardware\usart\retarget.c             0x00000000   Number         0  retarget.o ABSOLUTE
    ..\hardware\usart\usart.c                0x00000000   Number         0  usart.o ABSOLUTE
    ..\src\hk32f030m_it.c                    0x00000000   Number         0  hk32f030m_it.o ABSOLUTE
    ..\src\main.c                            0x00000000   Number         0  main.o ABSOLUTE
    ..\sys\delay.c                           0x00000000   Number         0  delay.o ABSOLUTE
    cdrcmple.s                               0x00000000   Number         0  cdrcmple.o ABSOLUTE
    dc.s                                     0x00000000   Number         0  dc.o ABSOLUTE
    handlers.s                               0x00000000   Number         0  handlers.o ABSOLUTE
    init.s                                   0x00000000   Number         0  init.o ABSOLUTE
    RESET                                    0x08000000   Section      192  keil_startup_hk32f030m.o(RESET)
    .ARM.Collect$$$$00000000                 0x080000c0   Section        0  entry.o(.ARM.Collect$$$$00000000)
    .ARM.Collect$$$$00000001                 0x080000c0   Section        4  entry2.o(.ARM.Collect$$$$00000001)
    .ARM.Collect$$$$00000004                 0x080000c4   Section        4  entry5.o(.ARM.Collect$$$$00000004)
    .ARM.Collect$$$$00000008                 0x080000c8   Section        0  entry7b.o(.ARM.Collect$$$$00000008)
    .ARM.Collect$$$$0000000A                 0x080000c8   Section        0  entry8b.o(.ARM.Collect$$$$0000000A)
    .ARM.Collect$$$$0000000B                 0x080000c8   Section        8  entry9a.o(.ARM.Collect$$$$0000000B)
    .ARM.Collect$$$$0000000D                 0x080000d0   Section        0  entry10a.o(.ARM.Collect$$$$0000000D)
    .ARM.Collect$$$$0000000F                 0x080000d0   Section        0  entry11a.o(.ARM.Collect$$$$0000000F)
    .ARM.Collect$$$$00002712                 0x080000d0   Section        4  entry2.o(.ARM.Collect$$$$00002712)
    __lit__00000000                          0x080000d0   Data           4  entry2.o(.ARM.Collect$$$$00002712)
    .text                                    0x080000d4   Section       28  keil_startup_hk32f030m.o(.text)
    .text                                    0x080000f0   Section        0  uidiv.o(.text)
    .text                                    0x0800011c   Section        0  uldiv.o(.text)
    .text                                    0x0800017c   Section       36  init.o(.text)
    .text                                    0x080001a0   Section        0  llshl.o(.text)
    .text                                    0x080001c0   Section        0  llushr.o(.text)
    i.ADC_ChannelConfig                      0x080001e2   Section        0  hk32f030m_adc.o(i.ADC_ChannelConfig)
    i.ADC_Cmd                                0x080001f6   Section        0  hk32f030m_adc.o(i.ADC_Cmd)
    i.ADC_DeInit                             0x08000210   Section        0  hk32f030m_adc.o(i.ADC_DeInit)
    i.ADC_GetCalibrationFactor               0x08000230   Section        0  hk32f030m_adc.o(i.ADC_GetCalibrationFactor)
    i.ADC_GetConversionValue                 0x0800026c   Section        0  hk32f030m_adc.o(i.ADC_GetConversionValue)
    i.ADC_GetFlagStatus                      0x08000274   Section        0  hk32f030m_adc.o(i.ADC_GetFlagStatus)
    i.ADC_Init                               0x080002a4   Section        0  hk32f030m_adc.o(i.ADC_Init)
    i.ADC_StartOfConversion                  0x080002cc   Section        0  hk32f030m_adc.o(i.ADC_StartOfConversion)
    i.ADC_StructInit                         0x080002d6   Section        0  hk32f030m_adc.o(i.ADC_StructInit)
    i.GPIO_Init                              0x080002e4   Section        0  hk32f030m_gpio.o(i.GPIO_Init)
    i.GPIO_PinAFConfig                       0x0800038a   Section        0  hk32f030m_gpio.o(i.GPIO_PinAFConfig)
    i.HardFault_Handler                      0x080003ce   Section        0  hk32f030m_it.o(i.HardFault_Handler)
    i.NMI_Handler                            0x080003d2   Section        0  hk32f030m_it.o(i.NMI_Handler)
    i.NVIC_Init                              0x080003d4   Section        0  hk32f030m_misc.o(i.NVIC_Init)
    i.PendSV_Handler                         0x08000444   Section        0  hk32f030m_it.o(i.PendSV_Handler)
    i.RCC_AHBPeriphClockCmd                  0x08000448   Section        0  hk32f030m_rcc.o(i.RCC_AHBPeriphClockCmd)
    i.RCC_APB1PeriphClockCmd                 0x08000468   Section        0  hk32f030m_rcc.o(i.RCC_APB1PeriphClockCmd)
    i.RCC_APB2PeriphClockCmd                 0x08000488   Section        0  hk32f030m_rcc.o(i.RCC_APB2PeriphClockCmd)
    i.RCC_APB2PeriphResetCmd                 0x080004a8   Section        0  hk32f030m_rcc.o(i.RCC_APB2PeriphResetCmd)
    i.RCC_GetClocksFreq                      0x080004c8   Section        0  hk32f030m_rcc.o(i.RCC_GetClocksFreq)
    i.SVC_Handler                            0x080005f4   Section        0  hk32f030m_it.o(i.SVC_Handler)
    i.SetSysClock                            0x080005f6   Section        0  system_hk32f030m.o(i.SetSysClock)
    SetSysClock                              0x080005f7   Thumb Code     8  system_hk32f030m.o(i.SetSysClock)
    i.SetSysClockToHSI_32M                   0x08000600   Section        0  system_hk32f030m.o(i.SetSysClockToHSI_32M)
    SetSysClockToHSI_32M                     0x08000601   Thumb Code   220  system_hk32f030m.o(i.SetSysClockToHSI_32M)
    i.SysTick_Handler                        0x080006e8   Section        0  hk32f030m_it.o(i.SysTick_Handler)
    i.SystemInit                             0x080006ec   Section        0  system_hk32f030m.o(i.SystemInit)
    i.TIM2_IRQHandler                        0x08000730   Section        0  tim.o(i.TIM2_IRQHandler)
    i.TIM_ClearITPendingBit                  0x08000778   Section        0  hk32f030m_tim.o(i.TIM_ClearITPendingBit)
    i.TIM_Cmd                                0x08000780   Section        0  hk32f030m_tim.o(i.TIM_Cmd)
    i.TIM_Config                             0x0800079c   Section        0  tim.o(i.TIM_Config)
    i.TIM_GetITStatus                        0x08000800   Section        0  hk32f030m_tim.o(i.TIM_GetITStatus)
    i.TIM_ITConfig                           0x08000826   Section        0  hk32f030m_tim.o(i.TIM_ITConfig)
    i.TIM_TimeBaseInit                       0x08000840   Section        0  hk32f030m_tim.o(i.TIM_TimeBaseInit)
    i.USART_Cmd                              0x08000894   Section        0  hk32f030m_usart.o(i.USART_Cmd)
    i.USART_Init                             0x080008ac   Section        0  hk32f030m_usart.o(i.USART_Init)
    i.USART_SendByte                         0x08000984   Section        0  usart.o(i.USART_SendByte)
    i.__0printf$8                            0x0800099c   Section        0  printf8.o(i.__0printf$8)
    i.__scatterload_copy                     0x080009bc   Section       14  handlers.o(i.__scatterload_copy)
    i.__scatterload_null                     0x080009ca   Section        2  handlers.o(i.__scatterload_null)
    i.__scatterload_zeroinit                 0x080009cc   Section       14  handlers.o(i.__scatterload_zeroinit)
    i._printf_core                           0x080009dc   Section        0  printf8.o(i._printf_core)
    _printf_core                             0x080009dd   Thumb Code  1020  printf8.o(i._printf_core)
    i._printf_post_padding                   0x08000e04   Section        0  printf8.o(i._printf_post_padding)
    _printf_post_padding                     0x08000e05   Thumb Code    32  printf8.o(i._printf_post_padding)
    i._printf_pre_padding                    0x08000e24   Section        0  printf8.o(i._printf_pre_padding)
    _printf_pre_padding                      0x08000e25   Thumb Code    44  printf8.o(i._printf_pre_padding)
    i.adc1_init                              0x08000e50   Section        0  adc.o(i.adc1_init)
    i.delayms                                0x08000ed8   Section        0  delay.o(i.delayms)
    i.delayus                                0x08000eea   Section        0  delay.o(i.delayus)
    i.digital_tube_pin_init                  0x08000efa   Section        0  digital_tube.o(i.digital_tube_pin_init)
    i.fputc                                  0x08000f44   Section        0  retarget.o(i.fputc)
    i.main                                   0x08000f54   Section        0  main.o(i.main)
    i.softWareDelay                          0x08001050   Section        0  delay.o(i.softWareDelay)
    i.trace_init                             0x08001074   Section        0  trace.o(i.trace_init)
    i.usart_configure                        0x0800107c   Section        0  usart.o(i.usart_configure)
    .constdata                               0x08001100   Section       40  hk32f030m_rcc.o(.constdata)
    .data                                    0x20000000   Section        4  system_hk32f030m.o(.data)
    .data                                    0x20000004   Section        2  tim.o(.data)
    i                                        0x20000004   Data           2  tim.o(.data)
    .data                                    0x20000008   Section        8  retarget.o(.data)
    STACK                                    0x20000010   Section      512  keil_startup_hk32f030m.o(STACK)

    Global Symbols

    Symbol Name                              Value     Ov Type        Size  Object(Section)

    BuildAttributes$$THM_ISAv3M$S$PE$A:L22$X:L11$S22$IEEE1$IW$USESV6$~STKCKD$USESV7$~SHL$OSPACE$ROPI$EBA8$MICROLIB$REQ8$PRES8$EABIv2 0x00000000   Number         0  anon$$obj.o ABSOLUTE
    __ARM_use_no_argv                        0x00000000   Number         0  main.o ABSOLUTE
    _printf_a                                0x00000000   Number         0  stubs.o ABSOLUTE
    _printf_c                                0x00000000   Number         0  stubs.o ABSOLUTE
    _printf_charcount                        0x00000000   Number         0  stubs.o ABSOLUTE
    _printf_d                                0x00000000   Number         0  stubs.o ABSOLUTE
    _printf_e                                0x00000000   Number         0  stubs.o ABSOLUTE
    _printf_f                                0x00000000   Number         0  stubs.o ABSOLUTE
    _printf_flags                            0x00000000   Number         0  stubs.o ABSOLUTE
    _printf_fp_dec                           0x00000000   Number         0  stubs.o ABSOLUTE
    _printf_fp_hex                           0x00000000   Number         0  stubs.o ABSOLUTE
    _printf_g                                0x00000000   Number         0  stubs.o ABSOLUTE
    _printf_i                                0x00000000   Number         0  stubs.o ABSOLUTE
    _printf_int_dec                          0x00000000   Number         0  stubs.o ABSOLUTE
    _printf_l                                0x00000000   Number         0  stubs.o ABSOLUTE
    _printf_lc                               0x00000000   Number         0  stubs.o ABSOLUTE
    _printf_ll                               0x00000000   Number         0  stubs.o ABSOLUTE
    _printf_lld                              0x00000000   Number         0  stubs.o ABSOLUTE
    _printf_lli                              0x00000000   Number         0  stubs.o ABSOLUTE
    _printf_llo                              0x00000000   Number         0  stubs.o ABSOLUTE
    _printf_llu                              0x00000000   Number         0  stubs.o ABSOLUTE
    _printf_llx                              0x00000000   Number         0  stubs.o ABSOLUTE
    _printf_longlong_dec                     0x00000000   Number         0  stubs.o ABSOLUTE
    _printf_longlong_hex                     0x00000000   Number         0  stubs.o ABSOLUTE
    _printf_longlong_oct                     0x00000000   Number         0  stubs.o ABSOLUTE
    _printf_ls                               0x00000000   Number         0  stubs.o ABSOLUTE
    _printf_mbtowc                           0x00000000   Number         0  stubs.o ABSOLUTE
    _printf_n                                0x00000000   Number         0  stubs.o ABSOLUTE
    _printf_o                                0x00000000   Number         0  stubs.o ABSOLUTE
    _printf_p                                0x00000000   Number         0  stubs.o ABSOLUTE
    _printf_percent                          0x00000000   Number         0  stubs.o ABSOLUTE
    _printf_pre_padding                      0x00000000   Number         0  stubs.o ABSOLUTE
    _printf_return_value                     0x00000000   Number         0  stubs.o ABSOLUTE
    _printf_s                                0x00000000   Number         0  stubs.o ABSOLUTE
    _printf_sizespec                         0x00000000   Number         0  stubs.o ABSOLUTE
    _printf_str                              0x00000000   Number         0  stubs.o ABSOLUTE
    _printf_truncate_signed                  0x00000000   Number         0  stubs.o ABSOLUTE
    _printf_truncate_unsigned                0x00000000   Number         0  stubs.o ABSOLUTE
    _printf_u                                0x00000000   Number         0  stubs.o ABSOLUTE
    _printf_wc                               0x00000000   Number         0  stubs.o ABSOLUTE
    _printf_wctomb                           0x00000000   Number         0  stubs.o ABSOLUTE
    _printf_widthprec                        0x00000000   Number         0  stubs.o ABSOLUTE
    _printf_x                                0x00000000   Number         0  stubs.o ABSOLUTE
    __cpp_initialize__aeabi_                  - Undefined Weak Reference
    __cxa_finalize                            - Undefined Weak Reference
    __decompress                              - Undefined Weak Reference
    _clock_init                               - Undefined Weak Reference
    _microlib_exit                            - Undefined Weak Reference
    __Vectors_Size                           0x000000c0   Number         0  keil_startup_hk32f030m.o ABSOLUTE
    __Vectors                                0x08000000   Data           4  keil_startup_hk32f030m.o(RESET)
    __Vectors_End                            0x080000c0   Data           0  keil_startup_hk32f030m.o(RESET)
    __main                                   0x080000c1   Thumb Code     0  entry.o(.ARM.Collect$$$$00000000)
    _main_stk                                0x080000c1   Thumb Code     0  entry2.o(.ARM.Collect$$$$00000001)
    _main_scatterload                        0x080000c5   Thumb Code     0  entry5.o(.ARM.Collect$$$$00000004)
    __main_after_scatterload                 0x080000c9   Thumb Code     0  entry5.o(.ARM.Collect$$$$00000004)
    _main_clock                              0x080000c9   Thumb Code     0  entry7b.o(.ARM.Collect$$$$00000008)
    _main_cpp_init                           0x080000c9   Thumb Code     0  entry8b.o(.ARM.Collect$$$$0000000A)
    _main_init                               0x080000c9   Thumb Code     0  entry9a.o(.ARM.Collect$$$$0000000B)
    __rt_final_cpp                           0x080000d1   Thumb Code     0  entry10a.o(.ARM.Collect$$$$0000000D)
    __rt_final_exit                          0x080000d1   Thumb Code     0  entry11a.o(.ARM.Collect$$$$0000000F)
    Reset_Handler                            0x080000d5   Thumb Code     8  keil_startup_hk32f030m.o(.text)
    ADC1_IRQHandler                          0x080000e7   Thumb Code     0  keil_startup_hk32f030m.o(.text)
    EXTI0_IRQHandler                         0x080000e7   Thumb Code     0  keil_startup_hk32f030m.o(.text)
    EXTI11_IRQHandler                        0x080000e7   Thumb Code     0  keil_startup_hk32f030m.o(.text)
    EXTI1_IRQHandler                         0x080000e7   Thumb Code     0  keil_startup_hk32f030m.o(.text)
    EXTI2_IRQHandler                         0x080000e7   Thumb Code     0  keil_startup_hk32f030m.o(.text)
    EXTI3_IRQHandler                         0x080000e7   Thumb Code     0  keil_startup_hk32f030m.o(.text)
    EXTI4_IRQHandler                         0x080000e7   Thumb Code     0  keil_startup_hk32f030m.o(.text)
    EXTI5_IRQHandler                         0x080000e7   Thumb Code     0  keil_startup_hk32f030m.o(.text)
    EXTI6_IRQHandler                         0x080000e7   Thumb Code     0  keil_startup_hk32f030m.o(.text)
    EXTI7_IRQHandler                         0x080000e7   Thumb Code     0  keil_startup_hk32f030m.o(.text)
    FLASH_IRQHandler                         0x080000e7   Thumb Code     0  keil_startup_hk32f030m.o(.text)
    I2C1_IRQHandler                          0x080000e7   Thumb Code     0  keil_startup_hk32f030m.o(.text)
    RCC_IRQHandler                           0x080000e7   Thumb Code     0  keil_startup_hk32f030m.o(.text)
    SPI1_IRQHandler                          0x080000e7   Thumb Code     0  keil_startup_hk32f030m.o(.text)
    TIM1_BRK_IRQHandler                      0x080000e7   Thumb Code     0  keil_startup_hk32f030m.o(.text)
    TIM1_CC_IRQHandler                       0x080000e7   Thumb Code     0  keil_startup_hk32f030m.o(.text)
    TIM1_UP_TRG_COM_IRQHandler               0x080000e7   Thumb Code     0  keil_startup_hk32f030m.o(.text)
    TIM6_IRQHandler                          0x080000e7   Thumb Code     0  keil_startup_hk32f030m.o(.text)
    USART1_IRQHandler                        0x080000e7   Thumb Code     0  keil_startup_hk32f030m.o(.text)
    WWDG_IRQHandler                          0x080000e7   Thumb Code     0  keil_startup_hk32f030m.o(.text)
    __aeabi_uidiv                            0x080000f1   Thumb Code     0  uidiv.o(.text)
    __aeabi_uidivmod                         0x080000f1   Thumb Code    44  uidiv.o(.text)
    __aeabi_uldivmod                         0x0800011d   Thumb Code    96  uldiv.o(.text)
    __scatterload                            0x0800017d   Thumb Code    28  init.o(.text)
    __scatterload_rt2                        0x0800017d   Thumb Code     0  init.o(.text)
    __aeabi_llsl                             0x080001a1   Thumb Code    32  llshl.o(.text)
    _ll_shift_l                              0x080001a1   Thumb Code     0  llshl.o(.text)
    __aeabi_llsr                             0x080001c1   Thumb Code    34  llushr.o(.text)
    _ll_ushift_r                             0x080001c1   Thumb Code     0  llushr.o(.text)
    ADC_ChannelConfig                        0x080001e3   Thumb Code    20  hk32f030m_adc.o(i.ADC_ChannelConfig)
    ADC_Cmd                                  0x080001f7   Thumb Code    24  hk32f030m_adc.o(i.ADC_Cmd)
    ADC_DeInit                               0x08000211   Thumb Code    28  hk32f030m_adc.o(i.ADC_DeInit)
    ADC_GetCalibrationFactor                 0x08000231   Thumb Code    60  hk32f030m_adc.o(i.ADC_GetCalibrationFactor)
    ADC_GetConversionValue                   0x0800026d   Thumb Code     8  hk32f030m_adc.o(i.ADC_GetConversionValue)
    ADC_GetFlagStatus                        0x08000275   Thumb Code    48  hk32f030m_adc.o(i.ADC_GetFlagStatus)
    ADC_Init                                 0x080002a5   Thumb Code    36  hk32f030m_adc.o(i.ADC_Init)
    ADC_StartOfConversion                    0x080002cd   Thumb Code    10  hk32f030m_adc.o(i.ADC_StartOfConversion)
    ADC_StructInit                           0x080002d7   Thumb Code    14  hk32f030m_adc.o(i.ADC_StructInit)
    GPIO_Init                                0x080002e5   Thumb Code   166  hk32f030m_gpio.o(i.GPIO_Init)
    GPIO_PinAFConfig                         0x0800038b   Thumb Code    68  hk32f030m_gpio.o(i.GPIO_PinAFConfig)
    HardFault_Handler                        0x080003cf   Thumb Code     4  hk32f030m_it.o(i.HardFault_Handler)
    NMI_Handler                              0x080003d3   Thumb Code     2  hk32f030m_it.o(i.NMI_Handler)
    NVIC_Init                                0x080003d5   Thumb Code   106  hk32f030m_misc.o(i.NVIC_Init)
    PendSV_Handler                           0x08000445   Thumb Code     2  hk32f030m_it.o(i.PendSV_Handler)
    RCC_AHBPeriphClockCmd                    0x08000449   Thumb Code    28  hk32f030m_rcc.o(i.RCC_AHBPeriphClockCmd)
    RCC_APB1PeriphClockCmd                   0x08000469   Thumb Code    28  hk32f030m_rcc.o(i.RCC_APB1PeriphClockCmd)
    RCC_APB2PeriphClockCmd                   0x08000489   Thumb Code    28  hk32f030m_rcc.o(i.RCC_APB2PeriphClockCmd)
    RCC_APB2PeriphResetCmd                   0x080004a9   Thumb Code    28  hk32f030m_rcc.o(i.RCC_APB2PeriphResetCmd)
    RCC_GetClocksFreq                        0x080004c9   Thumb Code   274  hk32f030m_rcc.o(i.RCC_GetClocksFreq)
    SVC_Handler                              0x080005f5   Thumb Code     2  hk32f030m_it.o(i.SVC_Handler)
    SysTick_Handler                          0x080006e9   Thumb Code     2  hk32f030m_it.o(i.SysTick_Handler)
    SystemInit                               0x080006ed   Thumb Code    54  system_hk32f030m.o(i.SystemInit)
    TIM2_IRQHandler                          0x08000731   Thumb Code    68  tim.o(i.TIM2_IRQHandler)
    TIM_ClearITPendingBit                    0x08000779   Thumb Code     8  hk32f030m_tim.o(i.TIM_ClearITPendingBit)
    TIM_Cmd                                  0x08000781   Thumb Code    24  hk32f030m_tim.o(i.TIM_Cmd)
    TIM_Config                               0x0800079d   Thumb Code    90  tim.o(i.TIM_Config)
    TIM_GetITStatus                          0x08000801   Thumb Code    38  hk32f030m_tim.o(i.TIM_GetITStatus)
    TIM_ITConfig                             0x08000827   Thumb Code    26  hk32f030m_tim.o(i.TIM_ITConfig)
    TIM_TimeBaseInit                         0x08000841   Thumb Code    68  hk32f030m_tim.o(i.TIM_TimeBaseInit)
    USART_Cmd                                0x08000895   Thumb Code    24  hk32f030m_usart.o(i.USART_Cmd)
    USART_Init                               0x080008ad   Thumb Code   204  hk32f030m_usart.o(i.USART_Init)
    USART_SendByte                           0x08000985   Thumb Code    20  usart.o(i.USART_SendByte)
    __0printf$8                              0x0800099d   Thumb Code    24  printf8.o(i.__0printf$8)
    __1printf$8                              0x0800099d   Thumb Code     0  printf8.o(i.__0printf$8)
    __2printf                                0x0800099d   Thumb Code     0  printf8.o(i.__0printf$8)
    __scatterload_copy                       0x080009bd   Thumb Code    14  handlers.o(i.__scatterload_copy)
    __scatterload_null                       0x080009cb   Thumb Code     2  handlers.o(i.__scatterload_null)
    __scatterload_zeroinit                   0x080009cd   Thumb Code    14  handlers.o(i.__scatterload_zeroinit)
    adc1_init                                0x08000e51   Thumb Code   126  adc.o(i.adc1_init)
    delayms                                  0x08000ed9   Thumb Code    18  delay.o(i.delayms)
    delayus                                  0x08000eeb   Thumb Code    16  delay.o(i.delayus)
    digital_tube_pin_init                    0x08000efb   Thumb Code    74  digital_tube.o(i.digital_tube_pin_init)
    fputc                                    0x08000f45   Thumb Code    16  retarget.o(i.fputc)
    main                                     0x08000f55   Thumb Code   140  main.o(i.main)
    softWareDelay                            0x08001051   Thumb Code    36  delay.o(i.softWareDelay)
    trace_init                               0x08001075   Thumb Code     8  trace.o(i.trace_init)
    usart_configure                          0x0800107d   Thumb Code   124  usart.o(i.usart_configure)
    AHBPrescTable                            0x08001100   Data          32  hk32f030m_rcc.o(.constdata)
    APBPrescTable                            0x08001120   Data           8  hk32f030m_rcc.o(.constdata)
    Region$$Table$$Base                      0x08001128   Number         0  anon$$obj.o(Region$$Table)
    Region$$Table$$Limit                     0x08001148   Number         0  anon$$obj.o(Region$$Table)
    SystemCoreClock                          0x20000000   Data           4  system_hk32f030m.o(.data)
    __stdout                                 0x20000008   Data           4  retarget.o(.data)
    __stdin                                  0x2000000c   Data           4  retarget.o(.data)
    __initial_sp                             0x20000210   Data           0  keil_startup_hk32f030m.o(STACK)



==============================================================================

Memory Map of the image

  Image Entry point : 0x080000c1

  Load Region LR_IROM1 (Base: 0x08000000, Size: 0x00001158, Max: 0x00004000, ABSOLUTE)

    Execution Region ER_IROM1 (Exec base: 0x08000000, Load base: 0x08000000, Size: 0x00001148, Max: 0x00004000, ABSOLUTE)

    Exec Addr    Load Addr    Size         Type   Attr      Idx    E Section Name        Object

    0x08000000   0x08000000   0x000000c0   Data   RO            3    RESET               keil_startup_hk32f030m.o
    0x080000c0   0x080000c0   0x00000000   Code   RO         2846  * .ARM.Collect$$$$00000000  mc_p.l(entry.o)
    0x080000c0   0x080000c0   0x00000004   Code   RO         3112    .ARM.Collect$$$$00000001  mc_p.l(entry2.o)
    0x080000c4   0x080000c4   0x00000004   Code   RO         3115    .ARM.Collect$$$$00000004  mc_p.l(entry5.o)
    0x080000c8   0x080000c8   0x00000000   Code   RO         3117    .ARM.Collect$$$$00000008  mc_p.l(entry7b.o)
    0x080000c8   0x080000c8   0x00000000   Code   RO         3119    .ARM.Collect$$$$0000000A  mc_p.l(entry8b.o)
    0x080000c8   0x080000c8   0x00000008   Code   RO         3120    .ARM.Collect$$$$0000000B  mc_p.l(entry9a.o)
    0x080000d0   0x080000d0   0x00000000   Code   RO         3122    .ARM.Collect$$$$0000000D  mc_p.l(entry10a.o)
    0x080000d0   0x080000d0   0x00000000   Code   RO         3124    .ARM.Collect$$$$0000000F  mc_p.l(entry11a.o)
    0x080000d0   0x080000d0   0x00000004   Code   RO         3113    .ARM.Collect$$$$00002712  mc_p.l(entry2.o)
    0x080000d4   0x080000d4   0x0000001c   Code   RO            4    .text               keil_startup_hk32f030m.o
    0x080000f0   0x080000f0   0x0000002c   Code   RO         2849    .text               mc_p.l(uidiv.o)
    0x0800011c   0x0800011c   0x00000060   Code   RO         3126    .text               mc_p.l(uldiv.o)
    0x0800017c   0x0800017c   0x00000024   Code   RO         3139    .text               mc_p.l(init.o)
    0x080001a0   0x080001a0   0x00000020   Code   RO         3141    .text               mc_p.l(llshl.o)
    0x080001c0   0x080001c0   0x00000022   Code   RO         3143    .text               mc_p.l(llushr.o)
    0x080001e2   0x080001e2   0x00000014   Code   RO          222    i.ADC_ChannelConfig  hk32f030m_adc.o
    0x080001f6   0x080001f6   0x00000018   Code   RO          226    i.ADC_Cmd           hk32f030m_adc.o
    0x0800020e   0x0800020e   0x00000002   PAD
    0x08000210   0x08000210   0x00000020   Code   RO          228    i.ADC_DeInit        hk32f030m_adc.o
    0x08000230   0x08000230   0x0000003c   Code   RO          231    i.ADC_GetCalibrationFactor  hk32f030m_adc.o
    0x0800026c   0x0800026c   0x00000008   Code   RO          232    i.ADC_GetConversionValue  hk32f030m_adc.o
    0x08000274   0x08000274   0x00000030   Code   RO          233    i.ADC_GetFlagStatus  hk32f030m_adc.o
    0x080002a4   0x080002a4   0x00000028   Code   RO          236    i.ADC_Init          hk32f030m_adc.o
    0x080002cc   0x080002cc   0x0000000a   Code   RO          240    i.ADC_StartOfConversion  hk32f030m_adc.o
    0x080002d6   0x080002d6   0x0000000e   Code   RO          242    i.ADC_StructInit    hk32f030m_adc.o
    0x080002e4   0x080002e4   0x000000a6   Code   RO          832    i.GPIO_Init         hk32f030m_gpio.o
    0x0800038a   0x0800038a   0x00000044   Code   RO          833    i.GPIO_PinAFConfig  hk32f030m_gpio.o
    0x080003ce   0x080003ce   0x00000004   Code   RO          132    i.HardFault_Handler  hk32f030m_it.o
    0x080003d2   0x080003d2   0x00000002   Code   RO          133    i.NMI_Handler       hk32f030m_it.o
    0x080003d4   0x080003d4   0x00000070   Code   RO         1262    i.NVIC_Init         hk32f030m_misc.o
    0x08000444   0x08000444   0x00000002   Code   RO          134    i.PendSV_Handler    hk32f030m_it.o
    0x08000446   0x08000446   0x00000002   PAD
    0x08000448   0x08000448   0x00000020   Code   RO         1344    i.RCC_AHBPeriphClockCmd  hk32f030m_rcc.o
    0x08000468   0x08000468   0x00000020   Code   RO         1346    i.RCC_APB1PeriphClockCmd  hk32f030m_rcc.o
    0x08000488   0x08000488   0x00000020   Code   RO         1348    i.RCC_APB2PeriphClockCmd  hk32f030m_rcc.o
    0x080004a8   0x080004a8   0x00000020   Code   RO         1349    i.RCC_APB2PeriphResetCmd  hk32f030m_rcc.o
    0x080004c8   0x080004c8   0x0000012c   Code   RO         1356    i.RCC_GetClocksFreq  hk32f030m_rcc.o
    0x080005f4   0x080005f4   0x00000002   Code   RO          135    i.SVC_Handler       hk32f030m_it.o
    0x080005f6   0x080005f6   0x00000008   Code   RO          173    i.SetSysClock       system_hk32f030m.o
    0x080005fe   0x080005fe   0x00000002   PAD
    0x08000600   0x08000600   0x000000e8   Code   RO          174    i.SetSysClockToHSI_32M  system_hk32f030m.o
    0x080006e8   0x080006e8   0x00000002   Code   RO          136    i.SysTick_Handler   hk32f030m_it.o
    0x080006ea   0x080006ea   0x00000002   PAD
    0x080006ec   0x080006ec   0x00000044   Code   RO          176    i.SystemInit        system_hk32f030m.o
    0x08000730   0x08000730   0x00000048   Code   RO         2706    i.TIM2_IRQHandler   tim.o
    0x08000778   0x08000778   0x00000008   Code   RO         1763    i.TIM_ClearITPendingBit  hk32f030m_tim.o
    0x08000780   0x08000780   0x0000001c   Code   RO         1768    i.TIM_Cmd           hk32f030m_tim.o
    0x0800079c   0x0800079c   0x00000064   Code   RO         2707    i.TIM_Config        tim.o
    0x08000800   0x08000800   0x00000026   Code   RO         1787    i.TIM_GetITStatus   hk32f030m_tim.o
    0x08000826   0x08000826   0x0000001a   Code   RO         1791    i.TIM_ITConfig      hk32f030m_tim.o
    0x08000840   0x08000840   0x00000054   Code   RO         1837    i.TIM_TimeBaseInit  hk32f030m_tim.o
    0x08000894   0x08000894   0x00000018   Code   RO         2303    i.USART_Cmd         hk32f030m_usart.o
    0x080008ac   0x080008ac   0x000000d8   Code   RO         2313    i.USART_Init        hk32f030m_usart.o
    0x08000984   0x08000984   0x00000018   Code   RO         2733    i.USART_SendByte    usart.o
    0x0800099c   0x0800099c   0x00000020   Code   RO         3058    i.__0printf$8       mc_p.l(printf8.o)
    0x080009bc   0x080009bc   0x0000000e   Code   RO         3153    i.__scatterload_copy  mc_p.l(handlers.o)
    0x080009ca   0x080009ca   0x00000002   Code   RO         3154    i.__scatterload_null  mc_p.l(handlers.o)
    0x080009cc   0x080009cc   0x0000000e   Code   RO         3155    i.__scatterload_zeroinit  mc_p.l(handlers.o)
    0x080009da   0x080009da   0x00000002   PAD
    0x080009dc   0x080009dc   0x00000428   Code   RO         3065    i._printf_core      mc_p.l(printf8.o)
    0x08000e04   0x08000e04   0x00000020   Code   RO         3066    i._printf_post_padding  mc_p.l(printf8.o)
    0x08000e24   0x08000e24   0x0000002c   Code   RO         3067    i._printf_pre_padding  mc_p.l(printf8.o)
    0x08000e50   0x08000e50   0x00000088   Code   RO         2765    i.adc1_init         adc.o
    0x08000ed8   0x08000ed8   0x00000012   Code   RO         2654    i.delayms           delay.o
    0x08000eea   0x08000eea   0x00000010   Code   RO         2655    i.delayus           delay.o
    0x08000efa   0x08000efa   0x0000004a   Code   RO         2686    i.digital_tube_pin_init  digital_tube.o
    0x08000f44   0x08000f44   0x00000010   Code   RO         2821    i.fputc             retarget.o
    0x08000f54   0x08000f54   0x000000fc   Code   RO           12    i.main              main.o
    0x08001050   0x08001050   0x00000024   Code   RO         2656    i.softWareDelay     delay.o
    0x08001074   0x08001074   0x00000008   Code   RO         2786    i.trace_init        trace.o
    0x0800107c   0x0800107c   0x00000084   Code   RO         2735    i.usart_configure   usart.o
    0x08001100   0x08001100   0x00000028   Data   RO         1370    .constdata          hk32f030m_rcc.o
    0x08001128   0x08001128   0x00000020   Data   RO         3151    Region$$Table       anon$$obj.o


    Execution Region RW_IRAM1 (Exec base: 0x20000000, Load base: 0x08001148, Size: 0x00000210, Max: 0x00000800, ABSOLUTE)

    Exec Addr    Load Addr    Size         Type   Attr      Idx    E Section Name        Object

    0x20000000   0x08001148   0x00000004   Data   RW          177    .data               system_hk32f030m.o
    0x20000004   0x0800114c   0x00000002   Data   RW         2708    .data               tim.o
    0x20000006   0x0800114e   0x00000002   PAD
    0x20000008   0x08001150   0x00000008   Data   RW         2822    .data               retarget.o
    0x20000010        -       0x00000200   Zero   RW            1    STACK               keil_startup_hk32f030m.o


==============================================================================

Image component sizes


      Code (inc. data)   RO Data    RW Data    ZI Data      Debug   Object Name

       136         10          0          0          0        592   adc.o
        70          0          0          0          0       1344   delay.o
        74          0          0          0          0        548   digital_tube.o
       256          8          0          0          0       5823   hk32f030m_adc.o
       234          0          0          0          0       1875   hk32f030m_gpio.o
        12          0          0          0          0       2055   hk32f030m_it.o
       112          6          0          0          0        956   hk32f030m_misc.o
       428         42         40          0          0       3941   hk32f030m_rcc.o
       184         20          0          0          0       3618   hk32f030m_tim.o
       240         12          0          0          0       2097   hk32f030m_usart.o
        28          8        192          0        512        724   keil_startup_hk32f030m.o
       252        112          0          0          0     195091   main.o
        16          0          0          8          0       2454   retarget.o
       308         26          0          4          0       2579   system_hk32f030m.o
       172         14          0          2          0       1047   tim.o
         8          0          0          0          0        441   trace.o
       156         12          0          0          0       1067   usart.o

    ----------------------------------------------------------------------
      2694        270        264         16        512     226252   Object Totals
         0          0         32          0          0          0   (incl. Generated)
         8          0          0          2          0          0   (incl. Padding)

    ----------------------------------------------------------------------

      Code (inc. data)   RO Data    RW Data    ZI Data      Debug   Library Member Name

         0          0          0          0          0          0   entry.o
         0          0          0          0          0          0   entry10a.o
         0          0          0          0          0          0   entry11a.o
         8          4          0          0          0          0   entry2.o
         4          0          0          0          0          0   entry5.o
         0          0          0          0          0          0   entry7b.o
         0          0          0          0          0          0   entry8b.o
         8          4          0          0          0          0   entry9a.o
        30          0          0          0          0          0   handlers.o
        36          8          0          0          0         68   init.o
        32          0          0          0          0         68   llshl.o
        34          0          0          0          0         68   llushr.o
      1172         52          0          0          0        324   printf8.o
        44          0          0          0          0         72   uidiv.o
        96          0          0          0          0         84   uldiv.o

    ----------------------------------------------------------------------
      1466         68          0          0          0        684   Library Totals
         2          0          0          0          0          0   (incl. Padding)

    ----------------------------------------------------------------------

      Code (inc. data)   RO Data    RW Data    ZI Data      Debug   Library Name

      1464         68          0          0          0        684   mc_p.l

    ----------------------------------------------------------------------
      1466         68          0          0          0        684   Library Totals

    ----------------------------------------------------------------------

==============================================================================


      Code (inc. data)   RO Data    RW Data    ZI Data      Debug   

      4160        338        264         16        512     225020   Grand Totals
      4160        338        264         16        512     225020   ELF Image Totals
      4160        338        264         16          0          0   ROM Totals

==============================================================================

    Total RO  Size (Code + RO Data)                 4424 (   4.32kB)
    Total RW  Size (RW Data + ZI Data)               528 (   0.52kB)
    Total ROM Size (Code + RO Data + RW Data)       4440 (   4.34kB)

==============================================================================

